Component: ARM Compiler 5.06 update 7 (build 960) Tool: armlink [4d3601]

==============================================================================

Section Cross References

    startup_stm32f407xx.o(STACK) refers (Special) to heapauxi.o(.text) for __use_two_region_memory
    startup_stm32f407xx.o(HEAP) refers (Special) to heapauxi.o(.text) for __use_two_region_memory
    startup_stm32f407xx.o(RESET) refers (Special) to heapauxi.o(.text) for __use_two_region_memory
    startup_stm32f407xx.o(RESET) refers to startup_stm32f407xx.o(STACK) for __initial_sp
    startup_stm32f407xx.o(RESET) refers to startup_stm32f407xx.o(.text) for Reset_Handler
    startup_stm32f407xx.o(RESET) refers to stm32f4xx_it.o(i.NMI_Handler) for NMI_Handler
    startup_stm32f407xx.o(RESET) refers to stm32f4xx_it.o(i.HardFault_Handler) for HardFault_Handler
    startup_stm32f407xx.o(RESET) refers to stm32f4xx_it.o(i.MemManage_Handler) for MemManage_Handler
    startup_stm32f407xx.o(RESET) refers to stm32f4xx_it.o(i.BusFault_Handler) for BusFault_Handler
    startup_stm32f407xx.o(RESET) refers to stm32f4xx_it.o(i.UsageFault_Handler) for UsageFault_Handler
    startup_stm32f407xx.o(RESET) refers to stm32f4xx_it.o(i.SVC_Handler) for SVC_Handler
    startup_stm32f407xx.o(RESET) refers to stm32f4xx_it.o(i.DebugMon_Handler) for DebugMon_Handler
    startup_stm32f407xx.o(RESET) refers to stm32f4xx_it.o(i.PendSV_Handler) for PendSV_Handler
    startup_stm32f407xx.o(RESET) refers to stm32f4xx_it.o(i.SysTick_Handler) for SysTick_Handler
    startup_stm32f407xx.o(RESET) refers to stm32f4xx_it.o(i.USART1_IRQHandler) for USART1_IRQHandler
    startup_stm32f407xx.o(RESET) refers to stm32f4xx_it.o(i.DMA2_Stream2_IRQHandler) for DMA2_Stream2_IRQHandler
    startup_stm32f407xx.o(.text) refers (Special) to heapauxi.o(.text) for __use_two_region_memory
    startup_stm32f407xx.o(.text) refers to system_stm32f4xx.o(i.SystemInit) for SystemInit
    startup_stm32f407xx.o(.text) refers to __main.o(!!!main) for __main
    startup_stm32f407xx.o(.text) refers to startup_stm32f407xx.o(HEAP) for Heap_Mem
    startup_stm32f407xx.o(.text) refers to startup_stm32f407xx.o(STACK) for Stack_Mem
    main.o(i.SystemClock_Config) refers to rt_memclr_w.o(.text) for __aeabi_memclr4
    main.o(i.SystemClock_Config) refers to stm32f4xx_hal_rcc.o(i.HAL_RCC_OscConfig) for HAL_RCC_OscConfig
    main.o(i.SystemClock_Config) refers to stm32f4xx_hal_rcc.o(i.HAL_RCC_ClockConfig) for HAL_RCC_ClockConfig
    main.o(i.main) refers to stm32f4xx_hal.o(i.HAL_Init) for HAL_Init
    main.o(i.main) refers to main.o(i.SystemClock_Config) for SystemClock_Config
    main.o(i.main) refers to gpio.o(i.MX_GPIO_Init) for MX_GPIO_Init
    main.o(i.main) refers to dma.o(i.MX_DMA_Init) for MX_DMA_Init
    main.o(i.main) refers to usart.o(i.MX_USART1_UART_Init) for MX_USART1_UART_Init
    main.o(i.main) refers to usart.o(i.MX_USART3_UART_Init) for MX_USART3_UART_Init
    main.o(i.main) refers to app_process.o(i.Debug_printf) for Debug_printf
    main.o(i.main) refers to bsp_ad7606.o(i.AD7606_Init) for AD7606_Init
    main.o(i.main) refers to bsp_ad7606.o(i.AD7606_Sample_Task) for AD7606_Sample_Task
    main.o(i.main) refers to app_process.o(i.Task_Debug_Sample_value) for Task_Debug_Sample_value
    main.o(i.main) refers to stm32f4xx_hal.o(i.HAL_Delay) for HAL_Delay
    gpio.o(i.MX_GPIO_Init) refers to rt_memclr_w.o(.text) for __aeabi_memclr4
    gpio.o(i.MX_GPIO_Init) refers to stm32f4xx_hal_gpio.o(i.HAL_GPIO_WritePin) for HAL_GPIO_WritePin
    gpio.o(i.MX_GPIO_Init) refers to stm32f4xx_hal_gpio.o(i.HAL_GPIO_Init) for HAL_GPIO_Init
    dma.o(i.MX_DMA_Init) refers to stm32f4xx_hal_cortex.o(i.HAL_NVIC_SetPriority) for HAL_NVIC_SetPriority
    dma.o(i.MX_DMA_Init) refers to stm32f4xx_hal_cortex.o(i.HAL_NVIC_EnableIRQ) for HAL_NVIC_EnableIRQ
    usart.o(i.HAL_UART_MspDeInit) refers to stm32f4xx_hal_gpio.o(i.HAL_GPIO_DeInit) for HAL_GPIO_DeInit
    usart.o(i.HAL_UART_MspDeInit) refers to stm32f4xx_hal_dma.o(i.HAL_DMA_DeInit) for HAL_DMA_DeInit
    usart.o(i.HAL_UART_MspDeInit) refers to stm32f4xx_hal_cortex.o(i.HAL_NVIC_DisableIRQ) for HAL_NVIC_DisableIRQ
    usart.o(i.HAL_UART_MspInit) refers to rt_memclr_w.o(.text) for __aeabi_memclr4
    usart.o(i.HAL_UART_MspInit) refers to stm32f4xx_hal_gpio.o(i.HAL_GPIO_Init) for HAL_GPIO_Init
    usart.o(i.HAL_UART_MspInit) refers to stm32f4xx_hal_dma.o(i.HAL_DMA_Init) for HAL_DMA_Init
    usart.o(i.HAL_UART_MspInit) refers to main.o(i.Error_Handler) for Error_Handler
    usart.o(i.HAL_UART_MspInit) refers to stm32f4xx_hal_cortex.o(i.HAL_NVIC_SetPriority) for HAL_NVIC_SetPriority
    usart.o(i.HAL_UART_MspInit) refers to stm32f4xx_hal_cortex.o(i.HAL_NVIC_EnableIRQ) for HAL_NVIC_EnableIRQ
    usart.o(i.HAL_UART_MspInit) refers to usart.o(.bss) for .bss
    usart.o(i.MX_USART1_UART_Init) refers to stm32f4xx_hal_uart.o(i.HAL_UART_Init) for HAL_UART_Init
    usart.o(i.MX_USART1_UART_Init) refers to main.o(i.Error_Handler) for Error_Handler
[...]
    .ARM.Collect$$libshutdown$$00000000      0x080002b0   Section        2  libshutdown.o(.ARM.Collect$$libshutdown$$00000000)
    .ARM.Collect$$libshutdown$$00000002      0x080002b2   Section        0  libshutdown2.o(.ARM.Collect$$libshutdown$$00000002)
    .ARM.Collect$$libshutdown$$00000004      0x080002b2   Section        0  libshutdown2.o(.ARM.Collect$$libshutdown$$00000004)
    .ARM.Collect$$libshutdown$$00000006      0x080002b2   Section        0  libshutdown2.o(.ARM.Collect$$libshutdown$$00000006)
    .ARM.Collect$$libshutdown$$00000009      0x080002b2   Section        0  libshutdown2.o(.ARM.Collect$$libshutdown$$00000009)
    .ARM.Collect$$libshutdown$$0000000C      0x080002b2   Section        0  libshutdown2.o(.ARM.Collect$$libshutdown$$0000000C)
    .ARM.Collect$$libshutdown$$0000000E      0x080002b2   Section        0  libshutdown2.o(.ARM.Collect$$libshutdown$$0000000E)
    .ARM.Collect$$libshutdown$$00000011      0x080002b2   Section        0  libshutdown2.o(.ARM.Collect$$libshutdown$$00000011)
    .ARM.Collect$$libshutdown$$00000012      0x080002b2   Section        2  libshutdown2.o(.ARM.Collect$$libshutdown$$00000012)
    .ARM.Collect$$rtentry$$00000000          0x080002b4   Section        0  __rtentry.o(.ARM.Collect$$rtentry$$00000000)
    .ARM.Collect$$rtentry$$00000002          0x080002b4   Section        0  __rtentry2.o(.ARM.Collect$$rtentry$$00000002)
    .ARM.Collect$$rtentry$$00000004          0x080002b4   Section        6  __rtentry4.o(.ARM.Collect$$rtentry$$00000004)
    .ARM.Collect$$rtentry$$00000009          0x080002ba   Section        0  __rtentry2.o(.ARM.Collect$$rtentry$$00000009)
    .ARM.Collect$$rtentry$$0000000A          0x080002ba   Section        4  __rtentry2.o(.ARM.Collect$$rtentry$$0000000A)
    .ARM.Collect$$rtentry$$0000000C          0x080002be   Section        0  __rtentry2.o(.ARM.Collect$$rtentry$$0000000C)
    .ARM.Collect$$rtentry$$0000000D          0x080002be   Section        8  __rtentry2.o(.ARM.Collect$$rtentry$$0000000D)
    .ARM.Collect$$rtexit$$00000000           0x080002c6   Section        2  rtexit.o(.ARM.Collect$$rtexit$$00000000)
    .ARM.Collect$$rtexit$$00000002           0x080002c8   Section        0  rtexit2.o(.ARM.Collect$$rtexit$$00000002)
    .ARM.Collect$$rtexit$$00000003           0x080002c8   Section        4  rtexit2.o(.ARM.Collect$$rtexit$$00000003)
    .ARM.Collect$$rtexit$$00000004           0x080002cc   Section        6  rtexit2.o(.ARM.Collect$$rtexit$$00000004)
    .text                                    0x080002d4   Section       64  startup_stm32f407xx.o(.text)
    $v0                                      0x080002d4   Number         0  startup_stm32f407xx.o(.text)
    .text                                    0x08000314   Section      238  lludivv7m.o(.text)
    .text                                    0x08000404   Section        0  vsnprintf.o(.text)
    .text                                    0x08000438   Section        0  _printf_str.o(.text)
    .text                                    0x0800048c   Section        0  __printf_flags_ss_wp.o(.text)
    .text                                    0x08000614   Section       78  rt_memclr_w.o(.text)
    .text                                    0x08000662   Section        0  heapauxi.o(.text)
    .text                                    0x08000668   Section        0  _printf_pad.o(.text)
    .text                                    0x080006b6   Section        0  _printf_truncate.o(.text)
    .text                                    0x080006dc   Section        0  _printf_dec.o(.text)
    .text                                    0x08000754   Section        0  _printf_charcount.o(.text)
    .text                                    0x0800077c   Section        0  _printf_char_common.o(.text)
    _printf_input_char                       0x0800077d   Thumb Code    10  _printf_char_common.o(.text)
    .text                                    0x080007ac   Section        0  _sputc.o(.text)
    .text                                    0x080007b6   Section        0  _snputc.o(.text)
    .text                                    0x080007c6   Section        0  _printf_char.o(.text)
    .text                                    0x080007f4   Section        0  _printf_wctomb.o(.text)
    .text                                    0x080008b0   Section        0  _printf_longlong_dec.o(.text)
    .text                                    0x0800092c   Section        0  _printf_oct_int_ll.o(.text)
    _printf_longlong_oct_internal            0x0800092d   Thumb Code     0  _printf_oct_int_ll.o(.text)
    .text                                    0x0800099c   Section        0  _printf_hex_int_ll_ptr.o(.text)
    _printf_hex_common                       0x0800099d   Thumb Code     0  _printf_hex_int_ll_ptr.o(.text)
    .text                                    0x08000a30   Section      138  lludiv10.o(.text)
    .text                                    0x08000aba   Section        0  _printf_intcommon.o(.text)
    .text                                    0x08000b6c   Section        0  _printf_fp_dec.o(.text)
    _fp_digits                               0x08000b6f   Thumb Code   432  _printf_fp_dec.o(.text)
    .text                                    0x08000f8c   Section        0  _printf_fp_hex.o(.text)
    .text                                    0x08001288   Section        0  _printf_wchar.o(.text)
    .text                                    0x080012b4   Section        0  _wcrtomb.o(.text)
    .text                                    0x080012f4   Section       74  sys_stackheap_outer.o(.text)
    .text                                    0x08001340   Section       16  rt_ctype_table.o(.text)
    .text                                    0x08001350   Section        8  rt_locale_intlibspace.o(.text)
    .text                                    0x08001358   Section        0  _printf_fp_infnan.o(.text)
    .text                                    0x080013d8   Section        0  bigflt0.o(.text)
    .text                                    0x080014bc   Section        0  exit.o(.text)
    .text                                    0x080014d0   Section        8  libspace.o(.text)
    .text                                    0x080014d8   Section      128  strcmpv7m.o(.text)
    .text                                    0x08001558   Section        0  sys_exit.o(.text)
    .text                                    0x08001564   Section        2  use_no_semi.o(.text)
    .text                                    0x08001566   Section        0  indicate_semi.o(.text)
    CL$$btod_d2e                             0x08001566   Section       62  btod.o(CL$$btod_d2e)
    CL$$btod_d2e_denorm_low                  0x080015a4   Section       70  btod.o(CL$$btod_d2e_denorm_low)
    CL$$btod_d2e_norm_op1                    0x080015ea   Section       96  btod.o(CL$$btod_d2e_norm_op1)
    CL$$btod_div_common                      0x0800164a   Section      824  btod.o(CL$$btod_div_common)
    CL$$btod_e2e                             0x08001982   Section      220  btod.o(CL$$btod_e2e)
    CL$$btod_ediv                            0x08001a5e   Section       42  btod.o(CL$$btod_ediv)
    CL$$btod_emul                            0x08001a88   Section       42  btod.o(CL$$btod_emul)
    CL$$btod_mult_common                     0x08001ab2   Section      580  btod.o(CL$$btod_mult_common)
    i.AD7606_Init                            0x08001cf8   Section        0  bsp_ad7606.o(i.AD7606_Init)
    i.AD7606_RESET                           0x08001d3c   Section        0  bsp_ad7606.o(i.AD7606_RESET)
    i.AD7606_SETOS                           0x08001d7c   Section        0  bsp_ad7606.o(i.AD7606_SETOS)
    i.AD7606_STARTCONV                       0x08001df8   Section        0  bsp_ad7606.o(i.AD7606_STARTCONV)
    i.AD7606_Sample_Task                     0x08001e38   Section        0  bsp_ad7606.o(i.AD7606_Sample_Task)
    i.BusFault_Handler                       0x08001ef8   Section        0  stm32f4xx_it.o(i.BusFault_Handler)
    i.DMA2_Stream2_IRQHandler                0x08001efc   Section        0  stm32f4xx_it.o(i.DMA2_Stream2_IRQHandler)
    i.DMA_CalcBaseAndBitshift                0x08001f08   Section        0  stm32f4xx_hal_dma.o(i.DMA_CalcBaseAndBitshift)
    DMA_CalcBaseAndBitshift                  0x08001f09   Thumb Code    34  stm32f4xx_hal_dma.o(i.DMA_CalcBaseAndBitshift)
    i.DMA_CheckFifoParam                     0x08001f30   Section        0  stm32f4xx_hal_dma.o(i.DMA_CheckFifoParam)
    DMA_CheckFifoParam                       0x08001f31   Thumb Code    84  stm32f4xx_hal_dma.o(i.DMA_CheckFifoParam)
    i.DebugMon_Handler                       0x08001f84   Section        0  stm32f4xx_it.o(i.DebugMon_Handler)
    i.Debug_printf                           0x08001f88   Section        0  app_process.o(i.Debug_printf)
    i.Delay_u32                              0x08001fb8   Section        0  bsp_ad7606.o(i.Delay_u32)
    Delay_u32                                0x08001fb9   Thumb Code    10  bsp_ad7606.o(i.Delay_u32)
    i.Error_Handler                          0x08001fc2   Section        0  main.o(i.Error_Handler)
    i.HAL_DMA_Abort                          0x08001fc6   Section        0  stm32f4xx_hal_dma.o(i.HAL_DMA_Abort)
    i.HAL_DMA_Abort_IT                       0x08002058   Section        0  stm32f4xx_hal_dma.o(i.HAL_DMA_Abort_IT)
    i.HAL_DMA_IRQHandler                     0x0800207c   Section        0  stm32f4xx_hal_dma.o(i.HAL_DMA_IRQHandler)
    i.HAL_DMA_Init                           0x0800221c   Section        0  stm32f4xx_hal_dma.o(i.HAL_DMA_Init)
    i.HAL_Delay                              0x080022f0   Section        0  stm32f4xx_hal.o(i.HAL_Delay)
    i.HAL_GPIO_Init                          0x08002314   Section        0  stm32f4xx_hal_gpio.o(i.HAL_GPIO_Init)
    i.HAL_GPIO_ReadPin                       0x08002504   Section        0  stm32f4xx_hal_gpio.o(i.HAL_GPIO_ReadPin)
    i.HAL_GPIO_WritePin                      0x0800250e   Section        0  stm32f4xx_hal_gpio.o(i.HAL_GPIO_WritePin)
    i.HAL_GetTick                            0x08002518   Section        0  stm32f4xx_hal.o(i.HAL_GetTick)
    i.HAL_IncTick                            0x08002524   Section        0  stm32f4xx_hal.o(i.HAL_IncTick)
    i.HAL_Init                               0x08002534   Section        0  stm32f4xx_hal.o(i.HAL_Init)
    i.HAL_InitTick                           0x08002568   Section        0  stm32f4xx_hal.o(i.HAL_InitTick)
    i.HAL_MspInit                            0x080025a8   Section        0  stm32f4xx_hal_msp.o(i.HAL_MspInit)
    i.HAL_NVIC_EnableIRQ                     0x080025d8   Section        0  stm32f4xx_hal_cortex.o(i.HAL_NVIC_EnableIRQ)
    i.HAL_NVIC_SetPriority                   0x080025f4   Section        0  stm32f4xx_hal_cortex.o(i.HAL_NVIC_SetPriority)
    i.HAL_NVIC_SetPriorityGrouping           0x08002634   Section        0  stm32f4xx_hal_cortex.o(i.HAL_NVIC_SetPriorityGrouping)
    i.HAL_RCC_ClockConfig                    0x08002658   Section        0  stm32f4xx_hal_rcc.o(i.HAL_RCC_ClockConfig)
    i.HAL_RCC_GetPCLK1Freq                   0x0800278c   Section        0  stm32f4xx_hal_rcc.o(i.HAL_RCC_GetPCLK1Freq)
    i.HAL_RCC_GetPCLK2Freq                   0x080027ac   Section        0  stm32f4xx_hal_rcc.o(i.HAL_RCC_GetPCLK2Freq)
    i.HAL_RCC_GetSysClockFreq                0x080027cc   Section        0  stm32f4xx_hal_rcc.o(i.HAL_RCC_GetSysClockFreq)
    i.HAL_RCC_OscConfig                      0x08002830   Section        0  stm32f4xx_hal_rcc.o(i.HAL_RCC_OscConfig)
    i.HAL_SYSTICK_Config                     0x08002b9c   Section        0  stm32f4xx_hal_cortex.o(i.HAL_SYSTICK_Config)
    i.HAL_UARTEx_RxEventCallback             0x08002bc4   Section        0  stm32f4xx_hal_uart.o(i.HAL_UARTEx_RxEventCallback)
    i.HAL_UART_ErrorCallback                 0x08002bc6   Section        0  stm32f4xx_hal_uart.o(i.HAL_UART_ErrorCallback)
    i.HAL_UART_IRQHandler                    0x08002bc8   Section        0  stm32f4xx_hal_uart.o(i.HAL_UART_IRQHandler)
    i.HAL_UART_Init                          0x08002e48   Section        0  stm32f4xx_hal_uart.o(i.HAL_UART_Init)
    i.HAL_UART_MspInit                       0x08002eac   Section        0  usart.o(i.HAL_UART_MspInit)
    i.HAL_UART_RxCpltCallback                0x08002fa0   Section        0  stm32f4xx_hal_uart.o(i.HAL_UART_RxCpltCallback)
    i.HAL_UART_Transmit                      0x08002fa2   Section        0  stm32f4xx_hal_uart.o(i.HAL_UART_Transmit)
    i.HAL_UART_TxCpltCallback                0x08003042   Section        0  stm32f4xx_hal_uart.o(i.HAL_UART_TxCpltCallback)
    i.HardFault_Handler                      0x08003044   Section        0  stm32f4xx_it.o(i.HardFault_Handler)
    i.MX_DMA_Init                            0x08003048   Section        0  dma.o(i.MX_DMA_Init)
    i.MX_GPIO_Init                           0x08003074   Section        0  gpio.o(i.MX_GPIO_Init)
    i.MX_USART1_UART_Init                    0x08003188   Section        0  usart.o(i.MX_USART1_UART_Init)
    i.MX_USART3_UART_Init                    0x080031c0   Section        0  usart.o(i.MX_USART3_UART_Init)
    i.MemManage_Handler                      0x080031f8   Section        0  stm32f4xx_it.o(i.MemManage_Handler)
    i.NMI_Handler                            0x080031fa   Section        0  stm32f4xx_it.o(i.NMI_Handler)
    i.PendSV_Handler                         0x080031fc   Section        0  stm32f4xx_it.o(i.PendSV_Handler)
    i.SVC_Handler                            0x080031fe   Section        0  stm32f4xx_it.o(i.SVC_Handler)
    i.SysTick_Handler                        0x08003200   Section        0  stm32f4xx_it.o(i.SysTick_Handler)
    i.SystemClock_Config                     0x08003204   Section        0  main.o(i.SystemClock_Config)
    i.SystemInit                             0x08003298   Section        0  system_stm32f4xx.o(i.SystemInit)
    i.Task_Debug_Sample_value                0x080032a8   Section        0  app_process.o(i.Task_Debug_Sample_value)
    i.UART_DMAAbortOnError                   0x080033f4   Section        0  stm32f4xx_hal_uart.o(i.UART_DMAAbortOnError)
    UART_DMAAbortOnError                     0x080033f5   Thumb Code    14  stm32f4xx_hal_uart.o(i.UART_DMAAbortOnError)
    i.UART_EndRxTransfer                     0x08003402   Section        0  stm32f4xx_hal_uart.o(i.UART_EndRxTransfer)
    UART_EndRxTransfer                       0x08003403   Thumb Code    78  stm32f4xx_hal_uart.o(i.UART_EndRxTransfer)
    i.UART_Receive_IT                        0x08003450   Section        0  stm32f4xx_hal_uart.o(i.UART_Receive_IT)
    UART_Receive_IT                          0x08003451   Thumb Code   194  stm32f4xx_hal_uart.o(i.UART_Receive_IT)
    i.UART_SetConfig                         0x08003514   Section        0  stm32f4xx_hal_uart.o(i.UART_SetConfig)
    UART_SetConfig                           0x08003515   Thumb Code   258  stm32f4xx_hal_uart.o(i.UART_SetConfig)
    i.UART_WaitOnFlagUntilTimeout            0x08003620   Section        0  stm32f4xx_hal_uart.o(i.UART_WaitOnFlagUntilTimeout)
    UART_WaitOnFlagUntilTimeout              0x08003621   Thumb Code   114  stm32f4xx_hal_uart.o(i.UART_WaitOnFlagUntilTimeout)
    i.USART1_IRQHandler                      0x08003694   Section        0  stm32f4xx_it.o(i.USART1_IRQHandler)
    i.UsageFault_Handler                     0x080036a0   Section        0  stm32f4xx_it.o(i.UsageFault_Handler)
    i.__ARM_fpclassify                       0x080036a2   Section        0  fpclassify.o(i.__ARM_fpclassify)
    i.__NVIC_SetPriority                     0x080036d2   Section        0  stm32f4xx_hal_cortex.o(i.__NVIC_SetPriority)
    __NVIC_SetPriority                       0x080036d3   Thumb Code    32  stm32f4xx_hal_cortex.o(i.__NVIC_SetPriority)
    i._is_digit                              0x080036f2   Section        0  __printf_wp.o(i._is_digit)
    i.main                                   0x08003700   Section        0  main.o(i.main)
    locale$$code                             0x080037a0   Section       44  lc_numeric_c.o(locale$$code)
    locale$$code                             0x080037cc   Section       44  lc_ctype_c.o(locale$$code)
    x$fpl$dretinf                            0x080037f8   Section       12  dretinf.o(x$fpl$dretinf)
    $v0                                      0x080037f8   Number         0  dretinf.o(x$fpl$dretinf)
    x$fpl$f2d                                0x08003804   Section       86  f2d.o(x$fpl$f2d)
    $v0                                      0x08003804   Number         0  f2d.o(x$fpl$f2d)
    x$fpl$fnaninf                            0x0800385a   Section      140  fnaninf.o(x$fpl$fnaninf)
    $v0                                      0x0800385a   Number         0  fnaninf.o(x$fpl$fnaninf)
    x$fpl$fpinit                             0x080038e6   Section       10  fpinit.o(x$fpl$fpinit)
    $v0                                      0x080038e6   Number         0  fpinit.o(x$fpl$fpinit)
    x$fpl$printf1                            0x080038f0   Section        4  printf1.o(x$fpl$printf1)
    $v0                                      0x080038f0   Number         0  printf1.o(x$fpl$printf1)
    x$fpl$printf2                            0x080038f4   Section        4  printf2.o(x$fpl$printf2)
    $v0                                      0x080038f4   Number         0  printf2.o(x$fpl$printf2)
    .constdata                               0x080038f8   Section        8  stm32f4xx_hal_dma.o(.constdata)
    x$fpl$usenofp                            0x080038f8   Section        0  usenofp.o(x$fpl$usenofp)
    flagBitshiftOffset                       0x080038f8   Data           8  stm32f4xx_hal_dma.o(.constdata)
    .constdata                               0x08003900   Section       16  system_stm32f4xx.o(.constdata)
    .constdata                               0x08003910   Section        8  system_stm32f4xx.o(.constdata)
    .constdata                               0x08003918   Section       17  __printf_flags_ss_wp.o(.constdata)
    maptable                                 0x08003918   Data          17  __printf_flags_ss_wp.o(.constdata)
    .constdata                               0x0800392c   Section        8  _printf_wctomb.o(.constdata)
    initial_mbstate                          0x0800392c   Data           8  _printf_wctomb.o(.constdata)
    .constdata                               0x08003934   Section       40  _printf_hex_int_ll_ptr.o(.constdata)
    uc_hextab                                0x08003934   Data          20  _printf_hex_int_ll_ptr.o(.constdata)
    lc_hextab                                0x08003948   Data          20  _printf_hex_int_ll_ptr.o(.constdata)
    .constdata                               0x0800395c   Section       38  _printf_fp_hex.o(.constdata)
    lc_hextab                                0x0800395c   Data          19  _printf_fp_hex.o(.constdata)
    uc_hextab                                0x0800396f   Data          19  _printf_fp_hex.o(.constdata)
    .constdata                               0x08003984   Section      148  bigflt0.o(.constdata)
    tenpwrs_x                                0x08003984   Data          60  bigflt0.o(.constdata)
    tenpwrs_i                                0x080039c0   Data          64  bigflt0.o(.constdata)
    locale$$data                             0x08003a38   Section       28  lc_numeric_c.o(locale$$data)
    __lcnum_c_name                           0x08003a3c   Data           2  lc_numeric_c.o(locale$$data)
    __lcnum_c_start                          0x08003a44   Data           0  lc_numeric_c.o(locale$$data)
    __lcnum_c_point                          0x08003a50   Data           0  lc_numeric_c.o(locale$$data)
    __lcnum_c_thousands                      0x08003a52   Data           0  lc_numeric_c.o(locale$$data)
    __lcnum_c_grouping                       0x08003a53   Data           0  lc_numeric_c.o(locale$$data)
    locale$$data                             0x08003a54   Section      272  lc_ctype_c.o(locale$$data)
    __lcnum_c_end                            0x08003a54   Data           0  lc_numeric_c.o(locale$$data)
    __lcctype_c_name                         0x08003a58   Data           2  lc_ctype_c.o(locale$$data)
    __lcctype_c_start                        0x08003a60   Data           0  lc_ctype_c.o(locale$$data)
    __lcctype_c_end                          0x08003b64   Data           0  lc_ctype_c.o(locale$$data)
    .data                                    0x20000000   Section       12  stm32f4xx_hal.o(.data)
    .data                                    0x2000000c   Section        4  system_stm32f4xx.o(.data)
    .data                                    0x20000010   Section        8  bsp_ad7606.o(.data)
    .bss                                     0x20000018   Section      240  usart.o(.bss)
    .bss                                     0x20000108   Section      178  app_process.o(.bss)
    hmi_rx_buffer                            0x20000108   Data          50  app_process.o(.bss)
    debug_buffer                             0x2000013a   Data         128  app_process.o(.bss)
    .bss                                     0x200001bc   Section       96  libspace.o(.bss)
    HEAP                                     0x20000220   Section      512  startup_stm32f407xx.o(HEAP)
    Heap_Mem                                 0x20000220   Data         512  startup_stm32f407xx.o(HEAP)
    STACK                                    0x20000420   Section     1024  startup_stm32f407xx.o(STACK)
    Stack_Mem                                0x20000420   Data        1024  startup_stm32f407xx.o(STACK)
    __initial_sp                             0x20000820   Data           0  startup_stm32f407xx.o(STACK)

    Global Symbols

    Symbol Name                              Value     Ov Type        Size  Object(Section)

    BuildAttributes$$THM_ISAv4$E$P$D$K$B$S$7EM$VFPi3$EXTD16$VFPS$VFMA$PE$A:L22UL41UL21$X:L11$S22US41US21$IEEE1$IW$USESV6$~STKCKD$USESV7$~SHL$OTIME$ROPI$IEEEJ$EBA8$UX$STANDARDLIB$REQ8$PRES8$EABIv2 0x00000000   Number         0  anon$$obj.o ABSOLUTE
    __ARM_use_no_argv                        0x00000000   Number         0  main.o ABSOLUTE
    _printf_flags                            0x00000000   Number         0  printf_stubs.o ABSOLUTE
    _printf_return_value                     0x00000000   Number         0  printf_stubs.o ABSOLUTE
    _printf_sizespec                         0x00000000   Number         0  printf_stubs.o ABSOLUTE
    _printf_widthprec                        0x00000000   Number         0  printf_stubs.o ABSOLUTE
    __ARM_exceptions_init                     - Undefined Weak Reference
    __alloca_initialize                       - Undefined Weak Reference
    __arm_fini_                               - Undefined Weak Reference
    __arm_preinit_                            - Undefined Weak Reference
    __cpp_initialize__aeabi_                  - Undefined Weak Reference
    __cxa_finalize                            - Undefined Weak Reference
    __sigvec_lookup                           - Undefined Weak Reference
    _atexit_init                              - Undefined Weak Reference
    _call_atexit_fns                          - Undefined Weak Reference
    _clock_init                               - Undefined Weak Reference
    _fp_trap_init                             - Undefined Weak Reference
    _fp_trap_shutdown                         - Undefined Weak Reference
    _get_lc_collate                           - Undefined Weak Reference
    _get_lc_monetary                          - Undefined Weak Reference
    _get_lc_time                              - Undefined Weak Reference
    _getenv_init                              - Undefined Weak Reference
    _handle_redirection                       - Undefined Weak Reference
    _init_alloc                               - Undefined Weak Reference
    _init_user_alloc                          - Undefined Weak Reference
    _initio                                   - Undefined Weak Reference
    _printf_mbtowc                            - Undefined Weak Reference
    _printf_wc                                - Undefined Weak Reference
    _rand_init                                - Undefined Weak Reference
    _signal_finish                            - Undefined Weak Reference
    _signal_init                              - Undefined Weak Reference
    _terminate_alloc                          - Undefined Weak Reference
    _terminate_user_alloc                     - Undefined Weak Reference
    _terminateio                              - Undefined Weak Reference
    __Vectors_Size                           0x00000188   Number         0  startup_stm32f407xx.o ABSOLUTE
    __Vectors                                0x08000000   Data           4  startup_stm32f407xx.o(RESET)
    __Vectors_End                            0x08000188   Data           0  startup_stm32f407xx.o(RESET)
    __main                                   0x08000189   Thumb Code     8  __main.o(!!!main)
    __scatterload                            0x08000191   Thumb Code     0  __scatter.o(!!!scatter)
    __scatterload_rt2                        0x08000191   Thumb Code    44  __scatter.o(!!!scatter)
    __scatterload_rt2_thumb_only             0x08000191   Thumb Code     0  __scatter.o(!!!scatter)
    __scatterload_null                       0x0800019f   Thumb Code     0  __scatter.o(!!!scatter)
    __scatterload_copy                       0x080001c5   Thumb Code    26  __scatter_copy.o(!!handler_copy)
    __scatterload_zeroinit                   0x080001e1   Thumb Code    28  __scatter_zi.o(!!handler_zi)
    _printf_n                                0x080001fd   Thumb Code     0  _printf_n.o(.ARM.Collect$$_printf_percent$$00000001)
    _printf_percent                          0x080001fd   Thumb Code     0  _printf_percent.o(.ARM.Collect$$_printf_percent$$00000000)
    _printf_p                                0x08000203   Thumb Code     0  _printf_p.o(.ARM.Collect$$_printf_percent$$00000002)
    _printf_f                                0x08000209   Thumb Code     0  _printf_f.o(.ARM.Collect$$_printf_percent$$00000003)
    _printf_e                                0x0800020f   Thumb Code     0  _printf_e.o(.ARM.Collect$$_printf_percent$$00000004)
    _printf_g                                0x08000215   Thumb Code     0  _printf_g.o(.ARM.Collect$$_printf_percent$$00000005)
    _printf_a                                0x0800021b   Thumb Code     0  _printf_a.o(.ARM.Collect$$_printf_percent$$00000006)
    _printf_ll                               0x08000221   Thumb Code     0  _printf_ll.o(.ARM.Collect$$_printf_percent$$00000007)
    _printf_i                                0x0800022b   Thumb Code     0  _printf_i.o(.ARM.Collect$$_printf_percent$$00000008)
    _printf_d                                0x08000231   Thumb Code     0  _printf_d.o(.ARM.Collect$$_printf_percent$$00000009)
    _printf_u                                0x08000237   Thumb Code     0  _printf_u.o(.ARM.Collect$$_printf_percent$$0000000A)
    _printf_o                                0x0800023d   Thumb Code     0  _printf_o.o(.ARM.Collect$$_printf_percent$$0000000B)
    _printf_x                                0x08000243   Thumb Code     0  _printf_x.o(.ARM.Collect$$_printf_percent$$0000000C)
    _printf_lli                              0x08000249   Thumb Code     0  _printf_lli.o(.ARM.Collect$$_printf_percent$$0000000D)
    _printf_lld                              0x0800024f   Thumb Code     0  _printf_lld.o(.ARM.Collect$$_printf_percent$$0000000E)
    _printf_llu                              0x08000255   Thumb Code     0  _printf_llu.o(.ARM.Collect$$_printf_percent$$0000000F)
    _printf_llo                              0x0800025b   Thumb Code     0  _printf_llo.o(.ARM.Collect$$_printf_percent$$00000010)
    _printf_llx                              0x08000261   Thumb Code     0  _printf_llx.o(.ARM.Collect$$_printf_percent$$00000011)
    _printf_l                                0x08000267   Thumb Code     0  _printf_l.o(.ARM.Collect$$_printf_percent$$00000012)
    _printf_c                                0x08000271   Thumb Code     0  _printf_c.o(.ARM.Collect$$_printf_percent$$00000013)
    _printf_s                                0x08000277   Thumb Code     0  _printf_s.o(.ARM.Collect$$_printf_percent$$00000014)
    _printf_lc                               0x0800027d   Thumb Code     0  _printf_lc.o(.ARM.Collect$$_printf_percent$$00000015)
    _printf_ls                               0x08000283   Thumb Code     0  _printf_ls.o(.ARM.Collect$$_printf_percent$$00000016)
    _printf_percent_end                      0x08000289   Thumb Code     0  _printf_percent_end.o(.ARM.Collect$$_printf_percent$$00000017)
    __rt_lib_init                            0x0800028d   Thumb Code     0  libinit.o(.ARM.Collect$$libinit$$00000000)
    __rt_lib_init_fp_1                       0x0800028f   Thumb Code     0  libinit2.o(.ARM.Collect$$libinit$$00000001)
    __rt_lib_init_heap_1                     0x08000293   Thumb Code     0  libinit2.o(.ARM.Collect$$libinit$$0000000A)
    __rt_lib_init_lc_common                  0x08000293   Thumb Code     0  libinit2.o(.ARM.Collect$$libinit$$0000000F)
    __rt_lib_init_preinit_1                  0x08000293   Thumb Code     0  libinit2.o(.ARM.Collect$$libinit$$00000004)
    __rt_lib_init_rand_1                     0x08000293   Thumb Code     0  libinit2.o(.ARM.Collect$$libinit$$0000000E)
    __rt_lib_init_user_alloc_1               0x08000293   Thumb Code     0  libinit2.o(.ARM.Collect$$libinit$$0000000C)
    __rt_lib_init_lc_collate_1               0x08000299   Thumb Code     0  libinit2.o(.ARM.Collect$$libinit$$00000011)
    __rt_lib_init_lc_ctype_2                 0x08000299   Thumb Code     0  libinit2.o(.ARM.Collect$$libinit$$00000012)
    __rt_lib_init_lc_ctype_1                 0x080002a5   Thumb Code     0  libinit2.o(.ARM.Collect$$libinit$$00000013)
    __rt_lib_init_lc_monetary_1              0x080002a5   Thumb Code     0  libinit2.o(.ARM.Collect$$libinit$$00000015)
    __rt_lib_init_lc_numeric_2               0x080002a5   Thumb Code     0  libinit2.o(.ARM.Collect$$libinit$$00000016)
    __rt_lib_init_alloca_1                   0x080002af   Thumb Code     0  libinit2.o(.ARM.Collect$$libinit$$0000002E)
    __rt_lib_init_argv_1                     0x080002af   Thumb Code     0  libinit2.o(.ARM.Collect$$libinit$$0000002C)
    __rt_lib_init_atexit_1                   0x080002af   Thumb Code     0  libinit2.o(.ARM.Collect$$libinit$$0000001B)
    __rt_lib_init_clock_1                    0x080002af   Thumb Code     0  libinit2.o(.ARM.Collect$$libinit$$00000021)
    __rt_lib_init_cpp_1                      0x080002af   Thumb Code     0  libinit2.o(.ARM.Collect$$libinit$$00000032)
    __rt_lib_init_exceptions_1               0x080002af   Thumb Code     0  libinit2.o(.ARM.Collect$$libinit$$00000030)
    __rt_lib_init_fp_trap_1                  0x080002af   Thumb Code     0  libinit2.o(.ARM.Collect$$libinit$$0000001F)
    __rt_lib_init_getenv_1                   0x080002af   Thumb Code     0  libinit2.o(.ARM.Collect$$libinit$$00000023)
    __rt_lib_init_lc_numeric_1               0x080002af   Thumb Code     0  libinit2.o(.ARM.Collect$$libinit$$00000017)
    __rt_lib_init_lc_time_1                  0x080002af   Thumb Code     0  libinit2.o(.ARM.Collect$$libinit$$00000019)
    __rt_lib_init_return                     0x080002af   Thumb Code     0  libinit2.o(.ARM.Collect$$libinit$$00000033)
    __rt_lib_init_signal_1                   0x080002af   Thumb Code     0  libinit2.o(.ARM.Collect$$libinit$$0000001D)
    __rt_lib_init_stdio_1                    0x080002af   Thumb Code     0  libinit2.o(.ARM.Collect$$libinit$$00000025)
    __rt_lib_shutdown                        0x080002b1   Thumb Code     0  libshutdown.o(.ARM.Collect$$libshutdown$$00000000)
    __rt_lib_shutdown_cpp_1                  0x080002b3   Thumb Code     0  libshutdown2.o(.ARM.Collect$$libshutdown$$00000004)
    __rt_lib_shutdown_fini_1                 0x080002b3   Thumb Code     0  libshutdown2.o(.ARM.Collect$$libshutdown$$00000002)
    __rt_lib_shutdown_fp_trap_1              0x080002b3   Thumb Code     0  libshutdown2.o(.ARM.Collect$$libshutdown$$00000009)
    __rt_lib_shutdown_heap_1                 0x080002b3   Thumb Code     0  libshutdown2.o(.ARM.Collect$$libshutdown$$00000011)
    __rt_lib_shutdown_return                 0x080002b3   Thumb Code     0  libshutdown2.o(.ARM.Collect$$libshutdown$$00000012)
    __rt_lib_shutdown_signal_1               0x080002b3   Thumb Code     0  libshutdown2.o(.ARM.Collect$$libshutdown$$0000000C)
    __rt_lib_shutdown_stdio_1                0x080002b3   Thumb Code     0  libshutdown2.o(.ARM.Collect$$libshutdown$$00000006)
    __rt_lib_shutdown_user_alloc_1           0x080002b3   Thumb Code     0  libshutdown2.o(.ARM.Collect$$libshutdown$$0000000E)
    __rt_entry                               0x080002b5   Thumb Code     0  __rtentry.o(.ARM.Collect$$rtentry$$00000000)
    __rt_entry_presh_1                       0x080002b5   Thumb Code     0  __rtentry2.o(.ARM.Collect$$rtentry$$00000002)
    __rt_entry_sh                            0x080002b5   Thumb Code     0  __rtentry4.o(.ARM.Collect$$rtentry$$00000004)
    __rt_entry_li                            0x080002bb   Thumb Code     0  __rtentry2.o(.ARM.Collect$$rtentry$$0000000A)
    __rt_entry_postsh_1                      0x080002bb   Thumb Code     0  __rtentry2.o(.ARM.Collect$$rtentry$$00000009)
    __rt_entry_main                          0x080002bf   Thumb Code     0  __rtentry2.o(.ARM.Collect$$rtentry$$0000000D)
    __rt_entry_postli_1                      0x080002bf   Thumb Code     0  __rtentry2.o(.ARM.Collect$$rtentry$$0000000C)
    __rt_exit                                0x080002c7   Thumb Code     0  rtexit.o(.ARM.Collect$$rtexit$$00000000)
    __rt_exit_ls                             0x080002c9   Thumb Code     0  rtexit2.o(.ARM.Collect$$rtexit$$00000003)
    __rt_exit_prels_1                        0x080002c9   Thumb Code     0  rtexit2.o(.ARM.Collect$$rtexit$$00000002)
    __rt_exit_exit                           0x080002cd   Thumb Code     0  rtexit2.o(.ARM.Collect$$rtexit$$00000004)
    Reset_Handler                            0x080002d5   Thumb Code     8  startup_stm32f407xx.o(.text)
    ADC_IRQHandler                           0x080002ef   Thumb Code     0  startup_stm32f407xx.o(.text)
    CAN1_RX0_IRQHandler                      0x080002ef   Thumb Code     0  startup_stm32f407xx.o(.text)
    CAN1_RX1_IRQHandler                      0x080002ef   Thumb Code     0  startup_stm32f407xx.o(.text)
    CAN1_SCE_IRQHandler                      0x080002ef   Thumb Code     0  startup_stm32f407xx.o(.text)
    CAN1_TX_IRQHandler                       0x080002ef   Thumb Code     0  startup_stm32f407xx.o(.text)
    CAN2_RX0_IRQHandler                      0x080002ef   Thumb Code     0  startup_stm32f407xx.o(.text)
    CAN2_RX1_IRQHandler                      0x080002ef   Thumb Code     0  startup_stm32f407xx.o(.text)
    CAN2_SCE_IRQHandler                      0x080002ef   Thumb Code     0  startup_stm32f407xx.o(.text)
    CAN2_TX_IRQHandler                       0x080002ef   Thumb Code     0  startup_stm32f407xx.o(.text)
    DCMI_IRQHandler                          0x080002ef   Thumb Code     0  startup_stm32f407xx.o(.text)
    DMA1_Stream0_IRQHandler                  0x080002ef   Thumb Code     0  startup_stm32f407xx.o(.text)
    DMA1_Stream1_IRQHandler                  0x080002ef   Thumb Code     0  startup_stm32f407xx.o(.text)
    DMA1_Stream2_IRQHandler                  0x080002ef   Thumb Code     0  startup_stm32f407xx.o(.text)
    DMA1_Stream3_IRQHandler                  0x080002ef   Thumb Code     0  startup_stm32f407xx.o(.text)
    DMA1_Stream4_IRQHandler                  0x080002ef   Thumb Code     0  startup_stm32f407xx.o(.text)
    DMA1_Stream5_IRQHandler                  0x080002ef   Thumb Code     0  startup_stm32f407xx.o(.text)
    DMA1_Stream6_IRQHandler                  0x080002ef   Thumb Code     0  startup_stm32f407xx.o(.text)
    DMA1_Stream7_IRQHandler                  0x080002ef   Thumb Code     0  startup_stm32f407xx.o(.text)
    DMA2_Stream0_IRQHandler                  0x080002ef   Thumb Code     0  startup_stm32f407xx.o(.text)
    DMA2_Stream1_IRQHandler                  0x080002ef   Thumb Code     0  startup_stm32f407xx.o(.text)
    DMA2_Stream3_IRQHandler                  0x080002ef   Thumb Code     0  startup_stm32f407xx.o(.text)
    DMA2_Stream4_IRQHandler                  0x080002ef   Thumb Code     0  startup_stm32f407xx.o(.text)
    DMA2_Stream5_IRQHandler                  0x080002ef   Thumb Code     0  startup_stm32f407xx.o(.text)
    DMA2_Stream6_IRQHandler                  0x080002ef   Thumb Code     0  startup_stm32f407xx.o(.text)
    DMA2_Stream7_IRQHandler                  0x080002ef   Thumb Code     0  startup_stm32f407xx.o(.text)
    ETH_IRQHandler                           0x080002ef   Thumb Code     0  startup_stm32f407xx.o(.text)
    ETH_WKUP_IRQHandler                      0x080002ef   Thumb Code     0  startup_stm32f407xx.o(.text)
    EXTI0_IRQHandler                         0x080002ef   Thumb Code     0  startup_stm32f407xx.o(.text)
    EXTI15_10_IRQHandler                     0x080002ef   Thumb Code     0  startup_stm32f407xx.o(.text)
    EXTI1_IRQHandler                         0x080002ef   Thumb Code     0  startup_stm32f407xx.o(.text)
    EXTI2_IRQHandler                         0x080002ef   Thumb Code     0  startup_stm32f407xx.o(.text)
    EXTI3_IRQHandler                         0x080002ef   Thumb Code     0  startup_stm32f407xx.o(.text)
    EXTI4_IRQHandler                         0x080002ef   Thumb Code     0  startup_stm32f407xx.o(.text)
    EXTI9_5_IRQHandler                       0x080002ef   Thumb Code     0  startup_stm32f407xx.o(.text)
    FLASH_IRQHandler                         0x080002ef   Thumb Code     0  startup_stm32f407xx.o(.text)
    FMC_IRQHandler                           0x080002ef   Thumb Code     0  startup_stm32f407xx.o(.text)
    FPU_IRQHandler                           0x080002ef   Thumb Code     0  startup_stm32f407xx.o(.text)
    HASH_RNG_IRQHandler                      0x080002ef   Thumb Code     0  startup_stm32f407xx.o(.text)
    I2C1_ER_IRQHandler                       0x080002ef   Thumb Code     0  startup_stm32f407xx.o(.text)
    I2C1_EV_IRQHandler                       0x080002ef   Thumb Code     0  startup_stm32f407xx.o(.text)
    I2C2_ER_IRQHandler                       0x080002ef   Thumb Code     0  startup_stm32f407xx.o(.text)
    I2C2_EV_IRQHandler                       0x080002ef   Thumb Code     0  startup_stm32f407xx.o(.text)
    I2C3_ER_IRQHandler                       0x080002ef   Thumb Code     0  startup_stm32f407xx.o(.text)
    I2C3_EV_IRQHandler                       0x080002ef   Thumb Code     0  startup_stm32f407xx.o(.text)
    OTG_FS_IRQHandler                        0x080002ef   Thumb Code     0  startup_stm32f407xx.o(.text)
    OTG_FS_WKUP_IRQHandler                   0x080002ef   Thumb Code     0  startup_stm32f407xx.o(.text)
    OTG_HS_EP1_IN_IRQHandler                 0x080002ef   Thumb Code     0  startup_stm32f407xx.o(.text)
    OTG_HS_EP1_OUT_IRQHandler                0x080002ef   Thumb Code     0  startup_stm32f407xx.o(.text)
    OTG_HS_IRQHandler                        0x080002ef   Thumb Code     0  startup_stm32f407xx.o(.text)
    OTG_HS_WKUP_IRQHandler                   0x080002ef   Thumb Code     0  startup_stm32f407xx.o(.text)
    PVD_IRQHandler                           0x080002ef   Thumb Code     0  startup_stm32f407xx.o(.text)
    RCC_IRQHandler                           0x080002ef   Thumb Code     0  startup_stm32f407xx.o(.text)
    RTC_Alarm_IRQHandler                     0x080002ef   Thumb Code     0  startup_stm32f407xx.o(.text)
    RTC_WKUP_IRQHandler                      0x080002ef   Thumb Code     0  startup_stm32f407xx.o(.text)
    SDIO_IRQHandler                          0x080002ef   Thumb Code     0  startup_stm32f407xx.o(.text)
    SPI1_IRQHandler                          0x080002ef   Thumb Code     0  startup_stm32f407xx.o(.text)
    SPI2_IRQHandler                          0x080002ef   Thumb Code     0  startup_stm32f407xx.o(.text)
    SPI3_IRQHandler                          0x080002ef   Thumb Code     0  startup_stm32f407xx.o(.text)
    TAMP_STAMP_IRQHandler                    0x080002ef   Thumb Code     0  startup_stm32f407xx.o(.text)
    TIM1_BRK_TIM9_IRQHandler                 0x080002ef   Thumb Code     0  startup_stm32f407xx.o(.text)
    TIM1_CC_IRQHandler                       0x080002ef   Thumb Code     0  startup_stm32f407xx.o(.text)
    TIM1_TRG_COM_TIM11_IRQHandler            0x080002ef   Thumb Code     0  startup_stm32f407xx.o(.text)
    TIM1_UP_TIM10_IRQHandler                 0x080002ef   Thumb Code     0  startup_stm32f407xx.o(.text)
    TIM2_IRQHandler                          0x080002ef   Thumb Code     0  startup_stm32f407xx.o(.text)
    TIM3_IRQHandler                          0x080002ef   Thumb Code     0  startup_stm32f407xx.o(.text)
    TIM4_IRQHandler                          0x080002ef   Thumb Code     0  startup_stm32f407xx.o(.text)
    TIM5_IRQHandler                          0x080002ef   Thumb Code     0  startup_stm32f407xx.o(.text)
    TIM6_DAC_IRQHandler                      0x080002ef   Thumb Code     0  startup_stm32f407xx.o(.text)
    TIM7_IRQHandler                          0x080002ef   Thumb Code     0  startup_stm32f407xx.o(.text)
    TIM8_BRK_TIM12_IRQHandler                0x080002ef   Thumb Code     0  startup_stm32f407xx.o(.text)
    TIM8_CC_IRQHandler                       0x080002ef   Thumb Code     0  startup_stm32f407xx.o(.text)
    TIM8_TRG_COM_TIM14_IRQHandler            0x080002ef   Thumb Code     0  startup_stm32f407xx.o(.text)
    TIM8_UP_TIM13_IRQHandler                 0x080002ef   Thumb Code     0  startup_stm32f407xx.o(.text)
    UART4_IRQHandler                         0x080002ef   Thumb Code     0  startup_stm32f407xx.o(.text)
    UART5_IRQHandler                         0x080002ef   Thumb Code     0  startup_stm32f407xx.o(.text)
    USART2_IRQHandler                        0x080002ef   Thumb Code     0  startup_stm32f407xx.o(.text)
    USART3_IRQHandler                        0x080002ef   Thumb Code     0  startup_stm32f407xx.o(.text)
    USART6_IRQHandler                        0x080002ef   Thumb Code     0  startup_stm32f407xx.o(.text)
    WWDG_IRQHandler                          0x080002ef   Thumb Code     0  startup_stm32f407xx.o(.text)
    __user_initial_stackheap                 0x080002f1   Thumb Code     0  startup_stm32f407xx.o(.text)
    __aeabi_uldivmod                         0x08000315   Thumb Code     0  lludivv7m.o(.text)
    _ll_udiv                                 0x08000315   Thumb Code   238  lludivv7m.o(.text)
    vsnprintf                                0x08000405   Thumb Code    48  vsnprintf.o(.text)
    _printf_str                              0x08000439   Thumb Code    82  _printf_str.o(.text)
    __printf                                 0x0800048d   Thumb Code   388  __printf_flags_ss_wp.o(.text)
    __aeabi_memclr4                          0x08000615   Thumb Code     0  rt_memclr_w.o(.text)
    __aeabi_memclr8                          0x08000615   Thumb Code     0  rt_memclr_w.o(.text)
    __rt_memclr_w                            0x08000615   Thumb Code    78  rt_memclr_w.o(.text)
    _memset_w                                0x08000619   Thumb Code     0  rt_memclr_w.o(.text)
    __use_two_region_memory                  0x08000663   Thumb Code     2  heapauxi.o(.text)
    __rt_heap_escrow$2region                 0x08000665   Thumb Code     2  heapauxi.o(.text)
    __rt_heap_expand$2region                 0x08000667   Thumb Code     2  heapauxi.o(.text)
    _printf_pre_padding                      0x08000669   Thumb Code    44  _printf_pad.o(.text)
    _printf_post_padding                     0x08000695   Thumb Code    34  _printf_pad.o(.text)
    _printf_truncate_signed                  0x080006b7   Thumb Code    18  _printf_truncate.o(.text)
    _printf_truncate_unsigned                0x080006c9   Thumb Code    18  _printf_truncate.o(.text)
    _printf_int_dec                          0x080006dd   Thumb Code   104  _printf_dec.o(.text)
    _printf_charcount                        0x08000755   Thumb Code    40  _printf_charcount.o(.text)
    _printf_char_common                      0x08000787   Thumb Code    32  _printf_char_common.o(.text)
    _sputc                                   0x080007ad   Thumb Code    10  _sputc.o(.text)
    _snputc                                  0x080007b7   Thumb Code    16  _snputc.o(.text)
    _printf_cs_common                        0x080007c7   Thumb Code    20  _printf_char.o(.text)
    _printf_char                             0x080007db   Thumb Code    16  _printf_char.o(.text)
    _printf_string                           0x080007eb   Thumb Code     8  _printf_char.o(.text)
    _printf_wctomb                           0x080007f5   Thumb Code   182  _printf_wctomb.o(.text)
    _printf_longlong_dec                     0x080008b1   Thumb Code   108  _printf_longlong_dec.o(.text)
    _printf_longlong_oct                     0x0800092d   Thumb Code    66  _printf_oct_int_ll.o(.text)
    _printf_int_oct                          0x0800096f   Thumb Code    24  _printf_oct_int_ll.o(.text)
    _printf_ll_oct                           0x08000987   Thumb Code    12  _printf_oct_int_ll.o(.text)
    _printf_longlong_hex                     0x0800099d   Thumb Code    86  _printf_hex_int_ll_ptr.o(.text)
    _printf_int_hex                          0x080009f3   Thumb Code    28  _printf_hex_int_ll_ptr.o(.text)
    _printf_ll_hex                           0x08000a0f   Thumb Code    12  _printf_hex_int_ll_ptr.o(.text)
    _printf_hex_ptr                          0x08000a1b   Thumb Code    18  _printf_hex_int_ll_ptr.o(.text)
    _ll_udiv10                               0x08000a31   Thumb Code   138  lludiv10.o(.text)
    _printf_int_common                       0x08000abb   Thumb Code   178  _printf_intcommon.o(.text)
    __lib_sel_fp_printf                      0x08000b6d   Thumb Code     2  _printf_fp_dec.o(.text)
    _printf_fp_dec_real                      0x08000d1f   Thumb Code   620  _printf_fp_dec.o(.text)
    _printf_fp_hex_real                      0x08000f8d   Thumb Code   756  _printf_fp_hex.o(.text)
    _printf_lcs_common                       0x08001289   Thumb Code    20  _printf_wchar.o(.text)
    _printf_wchar                            0x0800129d   Thumb Code    16  _printf_wchar.o(.text)
    _printf_wstring                          0x080012ad   Thumb Code     8  _printf_wchar.o(.text)
    _wcrtomb                                 0x080012b5   Thumb Code    64  _wcrtomb.o(.text)
    __user_setup_stackheap                   0x080012f5   Thumb Code    74  sys_stackheap_outer.o(.text)
    __rt_ctype_table                         0x08001341   Thumb Code    16  rt_ctype_table.o(.text)
    __rt_locale                              0x08001351   Thumb Code     8  rt_locale_intlibspace.o(.text)
    _printf_fp_infnan                        0x08001359   Thumb Code   112  _printf_fp_infnan.o(.text)
    _btod_etento                             0x080013d9   Thumb Code   224  bigflt0.o(.text)
    exit                                     0x080014bd   Thumb Code    18  exit.o(.text)
    __user_libspace                          0x080014d1   Thumb Code     8  libspace.o(.text)
    __user_perproc_libspace                  0x080014d1   Thumb Code     0  libspace.o(.text)
    __user_perthread_libspace                0x080014d1   Thumb Code     0  libspace.o(.text)
    strcmp                                   0x080014d9   Thumb Code   128  strcmpv7m.o(.text)
    _sys_exit                                0x08001559   Thumb Code     8  sys_exit.o(.text)
    __I$use$semihosting                      0x08001565   Thumb Code     0  use_no_semi.o(.text)
    __use_no_semihosting_swi                 0x08001565   Thumb Code     2  use_no_semi.o(.text)
    __semihosting_library_function           0x08001567   Thumb Code     0  indicate_semi.o(.text)
    _btod_d2e                                0x08001567   Thumb Code    62  btod.o(CL$$btod_d2e)
    _d2e_denorm_low                          0x080015a5   Thumb Code    70  btod.o(CL$$btod_d2e_denorm_low)
    _d2e_norm_op1                            0x080015eb   Thumb Code    96  btod.o(CL$$btod_d2e_norm_op1)
    __btod_div_common                        0x0800164b   Thumb Code   696  btod.o(CL$$btod_div_common)
    _e2e                                     0x08001983   Thumb Code   220  btod.o(CL$$btod_e2e)
    _btod_ediv                               0x08001a5f   Thumb Code    42  btod.o(CL$$btod_ediv)
    _btod_emul                               0x08001a89   Thumb Code    42  btod.o(CL$$btod_emul)
    __btod_mult_common                       0x08001ab3   Thumb Code   580  btod.o(CL$$btod_mult_common)
    AD7606_Init                              0x08001cf9   Thumb Code    58  bsp_ad7606.o(i.AD7606_Init)
    AD7606_RESET                             0x08001d3d   Thumb Code    60  bsp_ad7606.o(i.AD7606_RESET)
    AD7606_SETOS                             0x08001d7d   Thumb Code   118  bsp_ad7606.o(i.AD7606_SETOS)
    AD7606_STARTCONV                         0x08001df9   Thumb Code    58  bsp_ad7606.o(i.AD7606_STARTCONV)
    AD7606_Sample_Task                       0x08001e39   Thumb Code   176  bsp_ad7606.o(i.AD7606_Sample_Task)
    BusFault_Handler                         0x08001ef9   Thumb Code     2  stm32f4xx_it.o(i.BusFault_Handler)
    DMA2_Stream2_IRQHandler                  0x08001efd   Thumb Code     6  stm32f4xx_it.o(i.DMA2_Stream2_IRQHandler)
    DebugMon_Handler                         0x08001f85   Thumb Code     2  stm32f4xx_it.o(i.DebugMon_Handler)
    Debug_printf                             0x08001f89   Thumb Code    38  app_process.o(i.Debug_printf)
    Error_Handler                            0x08001fc3   Thumb Code     4  main.o(i.Error_Handler)
    HAL_DMA_Abort                            0x08001fc7   Thumb Code   146  stm32f4xx_hal_dma.o(i.HAL_DMA_Abort)
    HAL_DMA_Abort_IT                         0x08002059   Thumb Code    36  stm32f4xx_hal_dma.o(i.HAL_DMA_Abort_IT)
    HAL_DMA_IRQHandler                       0x0800207d   Thumb Code   412  stm32f4xx_hal_dma.o(i.HAL_DMA_IRQHandler)
    HAL_DMA_Init                             0x0800221d   Thumb Code   206  stm32f4xx_hal_dma.o(i.HAL_DMA_Init)
    HAL_Delay                                0x080022f1   Thumb Code    32  stm32f4xx_hal.o(i.HAL_Delay)
    HAL_GPIO_Init                            0x08002315   Thumb Code   450  stm32f4xx_hal_gpio.o(i.HAL_GPIO_Init)
    HAL_GPIO_ReadPin                         0x08002505   Thumb Code    10  stm32f4xx_hal_gpio.o(i.HAL_GPIO_ReadPin)
    HAL_GPIO_WritePin                        0x0800250f   Thumb Code    10  stm32f4xx_hal_gpio.o(i.HAL_GPIO_WritePin)
    HAL_GetTick                              0x08002519   Thumb Code     6  stm32f4xx_hal.o(i.HAL_GetTick)
    HAL_IncTick                              0x08002525   Thumb Code    12  stm32f4xx_hal.o(i.HAL_IncTick)
    HAL_Init                                 0x08002535   Thumb Code    48  stm32f4xx_hal.o(i.HAL_Init)
    HAL_InitTick                             0x08002569   Thumb Code    54  stm32f4xx_hal.o(i.HAL_InitTick)
    HAL_MspInit                              0x080025a9   Thumb Code    42  stm32f4xx_hal_msp.o(i.HAL_MspInit)
    HAL_NVIC_EnableIRQ                       0x080025d9   Thumb Code    26  stm32f4xx_hal_cortex.o(i.HAL_NVIC_EnableIRQ)
    HAL_NVIC_SetPriority                     0x080025f5   Thumb Code    60  stm32f4xx_hal_cortex.o(i.HAL_NVIC_SetPriority)
    HAL_NVIC_SetPriorityGrouping             0x08002635   Thumb Code    26  stm32f4xx_hal_cortex.o(i.HAL_NVIC_SetPriorityGrouping)
    HAL_RCC_ClockConfig                      0x08002659   Thumb Code   288  stm32f4xx_hal_rcc.o(i.HAL_RCC_ClockConfig)
    HAL_RCC_GetPCLK1Freq                     0x0800278d   Thumb Code    20  stm32f4xx_hal_rcc.o(i.HAL_RCC_GetPCLK1Freq)
    HAL_RCC_GetPCLK2Freq                     0x080027ad   Thumb Code    20  stm32f4xx_hal_rcc.o(i.HAL_RCC_GetPCLK2Freq)
    HAL_RCC_GetSysClockFreq                  0x080027cd   Thumb Code    88  stm32f4xx_hal_rcc.o(i.HAL_RCC_GetSysClockFreq)
    HAL_RCC_OscConfig                        0x08002831   Thumb Code   856  stm32f4xx_hal_rcc.o(i.HAL_RCC_OscConfig)
    HAL_SYSTICK_Config                       0x08002b9d   Thumb Code    40  stm32f4xx_hal_cortex.o(i.HAL_SYSTICK_Config)
    HAL_UARTEx_RxEventCallback               0x08002bc5   Thumb Code     2  stm32f4xx_hal_uart.o(i.HAL_UARTEx_RxEventCallback)
    HAL_UART_ErrorCallback                   0x08002bc7   Thumb Code     2  stm32f4xx_hal_uart.o(i.HAL_UART_ErrorCallback)
    HAL_UART_IRQHandler                      0x08002bc9   Thumb Code   636  stm32f4xx_hal_uart.o(i.HAL_UART_IRQHandler)
    HAL_UART_Init                            0x08002e49   Thumb Code   100  stm32f4xx_hal_uart.o(i.HAL_UART_Init)
    HAL_UART_MspInit                         0x08002ead   Thumb Code   216  usart.o(i.HAL_UART_MspInit)
    HAL_UART_RxCpltCallback                  0x08002fa1   Thumb Code     2  stm32f4xx_hal_uart.o(i.HAL_UART_RxCpltCallback)
    HAL_UART_Transmit                        0x08002fa3   Thumb Code   160  stm32f4xx_hal_uart.o(i.HAL_UART_Transmit)
    HAL_UART_TxCpltCallback                  0x08003043   Thumb Code     2  stm32f4xx_hal_uart.o(i.HAL_UART_TxCpltCallback)
    HardFault_Handler                        0x08003045   Thumb Code     2  stm32f4xx_it.o(i.HardFault_Handler)
    MX_DMA_Init                              0x08003049   Thumb Code    40  dma.o(i.MX_DMA_Init)
    MX_GPIO_Init                             0x08003075   Thumb Code   258  gpio.o(i.MX_GPIO_Init)
    MX_USART1_UART_Init                      0x08003189   Thumb Code    48  usart.o(i.MX_USART1_UART_Init)
    MX_USART3_UART_Init                      0x080031c1   Thumb Code    48  usart.o(i.MX_USART3_UART_Init)
    MemManage_Handler                        0x080031f9   Thumb Code     2  stm32f4xx_it.o(i.MemManage_Handler)
    NMI_Handler                              0x080031fb   Thumb Code     2  stm32f4xx_it.o(i.NMI_Handler)
    PendSV_Handler                           0x080031fd   Thumb Code     2  stm32f4xx_it.o(i.PendSV_Handler)
    SVC_Handler                              0x080031ff   Thumb Code     2  stm32f4xx_it.o(i.SVC_Handler)
    SysTick_Handler                          0x08003201   Thumb Code     4  stm32f4xx_it.o(i.SysTick_Handler)
    SystemClock_Config                       0x08003205   Thumb Code   140  main.o(i.SystemClock_Config)
    SystemInit                               0x08003299   Thumb Code    12  system_stm32f4xx.o(i.SystemInit)
    Task_Debug_Sample_value                  0x080032a9   Thumb Code   166  app_process.o(i.Task_Debug_Sample_value)
    USART1_IRQHandler                        0x08003695   Thumb Code     6  stm32f4xx_it.o(i.USART1_IRQHandler)
    UsageFault_Handler                       0x080036a1   Thumb Code     2  stm32f4xx_it.o(i.UsageFault_Handler)
    __ARM_fpclassify                         0x080036a3   Thumb Code    48  fpclassify.o(i.__ARM_fpclassify)
    _is_digit                                0x080036f3   Thumb Code    14  __printf_wp.o(i._is_digit)
    main                                     0x08003701   Thumb Code    58  main.o(i.main)
    _get_lc_numeric                          0x080037a1   Thumb Code    44  lc_numeric_c.o(locale$$code)
    _get_lc_ctype                            0x080037cd   Thumb Code    44  lc_ctype_c.o(locale$$code)
    __fpl_dretinf                            0x080037f9   Thumb Code    12  dretinf.o(x$fpl$dretinf)
    __aeabi_f2d                              0x08003805   Thumb Code     0  f2d.o(x$fpl$f2d)
    _f2d                                     0x08003805   Thumb Code    86  f2d.o(x$fpl$f2d)
    __fpl_fnaninf                            0x0800385b   Thumb Code   140  fnaninf.o(x$fpl$fnaninf)
    _fp_init                                 0x080038e7   Thumb Code    10  fpinit.o(x$fpl$fpinit)
    __fplib_config_fpu_vfp                   0x080038ef   Thumb Code     0  fpinit.o(x$fpl$fpinit)
    __fplib_config_pureend_doubles           0x080038ef   Thumb Code     0  fpinit.o(x$fpl$fpinit)
    _printf_fp_dec                           0x080038f1   Thumb Code     4  printf1.o(x$fpl$printf1)
    _printf_fp_hex                           0x080038f5   Thumb Code     4  printf2.o(x$fpl$printf2)
    __I$use$fp                               0x080038f8   Number         0  usenofp.o(x$fpl$usenofp)
    AHBPrescTable                            0x08003900   Data          16  system_stm32f4xx.o(.constdata)
    APBPrescTable                            0x08003910   Data           8  system_stm32f4xx.o(.constdata)
    Region$$Table$$Base                      0x08003a18   Number         0  anon$$obj.o(Region$$Table)
    Region$$Table$$Limit                     0x08003a38   Number         0  anon$$obj.o(Region$$Table)
    __ctype                                  0x08003a61   Data           0  lc_ctype_c.o(locale$$data)
    uwTickFreq                               0x20000000   Data           1  stm32f4xx_hal.o(.data)
    uwTickPrio                               0x20000004   Data           4  stm32f4xx_hal.o(.data)
    uwTick                                   0x20000008   Data           4  stm32f4xx_hal.o(.data)
    SystemCoreClock                          0x2000000c   Data           4  system_stm32f4xx.o(.data)
    AD7606_Data_Ready                        0x20000010   Data           1  bsp_ad7606.o(.data)
    AD7606_Channel_Data                      0x20000012   Data           6  bsp_ad7606.o(.data)
    huart1                                   0x20000018   Data          72  usart.o(.bss)
    huart3                                   0x20000060   Data          72  usart.o(.bss)
    hdma_usart1_rx                           0x200000a8   Data          96  usart.o(.bss)
    __libspace_start                         0x200001bc   Data          96  libspace.o(.bss)
    __temporary_stack_top$libspace           0x2000021c   Data           0  libspace.o(.bss)



==============================================================================

Memory Map of the image

  Image Entry point : 0x08000189

  Load Region LR_IROM1 (Base: 0x08000000, Size: 0x00003b7c, Max: 0x00100000, ABSOLUTE)

    Execution Region ER_IROM1 (Exec base: 0x08000000, Load base: 0x08000000, Size: 0x00003b64, Max: 0x00100000, ABSOLUTE)

    Exec Addr    Load Addr    Size         Type   Attr      Idx    E Section Name        Object

    0x08000000   0x08000000   0x00000188   Data   RO            3    RESET               startup_stm32f407xx.o
    0x08000188   0x08000188   0x00000008   Code   RO         2156  * !!!main             c_w.l(__main.o)
    0x08000190   0x08000190   0x00000034   Code   RO         2483    !!!scatter          c_w.l(__scatter.o)
    0x080001c4   0x080001c4   0x0000001a   Code   RO         2485    !!handler_copy      c_w.l(__scatter_copy.o)
    0x080001de   0x080001de   0x00000002   PAD
    0x080001e0   0x080001e0   0x0000001c   Code   RO         2487    !!handler_zi        c_w.l(__scatter_zi.o)
    0x080001fc   0x080001fc   0x00000000   Code   RO         2151    .ARM.Collect$$_printf_percent$$00000000  c_w.l(_printf_percent.o)
    0x080001fc   0x080001fc   0x00000006   Code   RO         2224    .ARM.Collect$$_printf_percent$$00000001  c_w.l(_printf_n.o)
    0x08000202   0x08000202   0x00000006   Code   RO         2226    .ARM.Collect$$_printf_percent$$00000002  c_w.l(_printf_p.o)
    0x08000208   0x08000208   0x00000006   Code   RO         2231    .ARM.Collect$$_printf_percent$$00000003  c_w.l(_printf_f.o)
    0x0800020e   0x0800020e   0x00000006   Code   RO         2232    .ARM.Collect$$_printf_percent$$00000004  c_w.l(_printf_e.o)
    0x08000214   0x08000214   0x00000006   Code   RO         2233    .ARM.Collect$$_printf_percent$$00000005  c_w.l(_printf_g.o)
    0x0800021a   0x0800021a   0x00000006   Code   RO         2234    .ARM.Collect$$_printf_percent$$00000006  c_w.l(_printf_a.o)
    0x08000220   0x08000220   0x0000000a   Code   RO         2239    .ARM.Collect$$_printf_percent$$00000007  c_w.l(_printf_ll.o)
    0x0800022a   0x0800022a   0x00000006   Code   RO         2228    .ARM.Collect$$_printf_percent$$00000008  c_w.l(_printf_i.o)
    0x08000230   0x08000230   0x00000006   Code   RO         2229    .ARM.Collect$$_printf_percent$$00000009  c_w.l(_printf_d.o)
    0x08000236   0x08000236   0x00000006   Code   RO         2230    .ARM.Collect$$_printf_percent$$0000000A  c_w.l(_printf_u.o)
    0x0800023c   0x0800023c   0x00000006   Code   RO         2227    .ARM.Collect$$_printf_percent$$0000000B  c_w.l(_printf_o.o)
    0x08000242   0x08000242   0x00000006   Code   RO         2225    .ARM.Collect$$_printf_percent$$0000000C  c_w.l(_printf_x.o)
    0x08000248   0x08000248   0x00000006   Code   RO         2236    .ARM.Collect$$_printf_percent$$0000000D  c_w.l(_printf_lli.o)
    0x0800024e   0x0800024e   0x00000006   Code   RO         2237    .ARM.Collect$$_printf_percent$$0000000E  c_w.l(_printf_lld.o)
    0x08000254   0x08000254   0x00000006   Code   RO         2238    .ARM.Collect$$_printf_percent$$0000000F  c_w.l(_printf_llu.o)
    0x0800025a   0x0800025a   0x00000006   Code   RO         2243    .ARM.Collect$$_printf_percent$$00000010  c_w.l(_printf_llo.o)
    0x08000260   0x08000260   0x00000006   Code   RO         2244    .ARM.Collect$$_printf_percent$$00000011  c_w.l(_printf_llx.o)
    0x08000266   0x08000266   0x0000000a   Code   RO         2240    .ARM.Collect$$_printf_percent$$00000012  c_w.l(_printf_l.o)
    0x08000270   0x08000270   0x00000006   Code   RO         2223    .ARM.Collect$$_printf_percent$$00000013  c_w.l(_printf_c.o)
    0x08000276   0x08000276   0x00000006   Code   RO         2150    .ARM.Collect$$_printf_percent$$00000014  c_w.l(_printf_s.o)
    0x0800027c   0x0800027c   0x00000006   Code   RO         2241    .ARM.Collect$$_printf_percent$$00000015  c_w.l(_printf_lc.o)
    0x08000282   0x08000282   0x00000006   Code   RO         2242    .ARM.Collect$$_printf_percent$$00000016  c_w.l(_printf_ls.o)
    0x08000288   0x08000288   0x00000004   Code   RO         2235    .ARM.Collect$$_printf_percent$$00000017  c_w.l(_printf_percent_end.o)
    0x0800028c   0x0800028c   0x00000002   Code   RO         2342    .ARM.Collect$$libinit$$00000000  c_w.l(libinit.o)
    0x0800028e   0x0800028e   0x00000004   Code   RO         2363    .ARM.Collect$$libinit$$00000001  c_w.l(libinit2.o)
    0x08000292   0x08000292   0x00000000   Code   RO         2366    .ARM.Collect$$libinit$$00000004  c_w.l(libinit2.o)
    0x08000292   0x08000292   0x00000000   Code   RO         2369    .ARM.Collect$$libinit$$0000000A  c_w.l(libinit2.o)
    0x08000292   0x08000292   0x00000000   Code   RO         2371    .ARM.Collect$$libinit$$0000000C  c_w.l(libinit2.o)
    0x08000292   0x08000292   0x00000000   Code   RO         2373    .ARM.Collect$$libinit$$0000000E  c_w.l(libinit2.o)
    0x08000292   0x08000292   0x00000006   Code   RO         2374    .ARM.Collect$$libinit$$0000000F  c_w.l(libinit2.o)
    0x08000298   0x08000298   0x00000000   Code   RO         2376    .ARM.Collect$$libinit$$00000011  c_w.l(libinit2.o)
    0x08000298   0x08000298   0x0000000c   Code   RO         2377    .ARM.Collect$$libinit$$00000012  c_w.l(libinit2.o)
    0x080002a4   0x080002a4   0x00000000   Code   RO         2378    .ARM.Collect$$libinit$$00000013  c_w.l(libinit2.o)
    0x080002a4   0x080002a4   0x00000000   Code   RO         2380    .ARM.Collect$$libinit$$00000015  c_w.l(libinit2.o)
    0x080002a4   0x080002a4   0x0000000a   Code   RO         2381    .ARM.Collect$$libinit$$00000016  c_w.l(libinit2.o)
    0x080002ae   0x080002ae   0x00000000   Code   RO         2382    .ARM.Collect$$libinit$$00000017  c_w.l(libinit2.o)
    0x080002ae   0x080002ae   0x00000000   Code   RO         2384    .ARM.Collect$$libinit$$00000019  c_w.l(libinit2.o)
    0x080002ae   0x080002ae   0x00000000   Code   RO         2386    .ARM.Collect$$libinit$$0000001B  c_w.l(libinit2.o)
    0x080002ae   0x080002ae   0x00000000   Code   RO         2388    .ARM.Collect$$libinit$$0000001D  c_w.l(libinit2.o)
    0x080002ae   0x080002ae   0x00000000   Code   RO         2390    .ARM.Collect$$libinit$$0000001F  c_w.l(libinit2.o)
    0x080002ae   0x080002ae   0x00000000   Code   RO         2392    .ARM.Collect$$libinit$$00000021  c_w.l(libinit2.o)
    0x080002ae   0x080002ae   0x00000000   Code   RO         2394    .ARM.Collect$$libinit$$00000023  c_w.l(libinit2.o)
    0x080002ae   0x080002ae   0x00000000   Code   RO         2396    .ARM.Collect$$libinit$$00000025  c_w.l(libinit2.o)
    0x080002ae   0x080002ae   0x00000000   Code   RO         2400    .ARM.Collect$$libinit$$0000002C  c_w.l(libinit2.o)
    0x080002ae   0x080002ae   0x00000000   Code   RO         2402    .ARM.Collect$$libinit$$0000002E  c_w.l(libinit2.o)
    0x080002ae   0x080002ae   0x00000000   Code   RO         2404    .ARM.Collect$$libinit$$00000030  c_w.l(libinit2.o)
    0x080002ae   0x080002ae   0x00000000   Code   RO         2406    .ARM.Collect$$libinit$$00000032  c_w.l(libinit2.o)
    0x080002ae   0x080002ae   0x00000002   Code   RO         2407    .ARM.Collect$$libinit$$00000033  c_w.l(libinit2.o)
    0x080002b0   0x080002b0   0x00000002   Code   RO         2438    .ARM.Collect$$libshutdown$$00000000  c_w.l(libshutdown.o)
    0x080002b2   0x080002b2   0x00000000   Code   RO         2464    .ARM.Collect$$libshutdown$$00000002  c_w.l(libshutdown2.o)
    0x080002b2   0x080002b2   0x00000000   Code   RO         2466    .ARM.Collect$$libshutdown$$00000004  c_w.l(libshutdown2.o)
    0x080002b2   0x080002b2   0x00000000   Code   RO         2468    .ARM.Collect$$libshutdown$$00000006  c_w.l(libshutdown2.o)
    0x080002b2   0x080002b2   0x00000000   Code   RO         2471    .ARM.Collect$$libshutdown$$00000009  c_w.l(libshutdown2.o)
    0x080002b2   0x080002b2   0x00000000   Code   RO         2474    .ARM.Collect$$libshutdown$$0000000C  c_w.l(libshutdown2.o)
    0x080002b2   0x080002b2   0x00000000   Code   RO         2476    .ARM.Collect$$libshutdown$$0000000E  c_w.l(libshutdown2.o)
    0x080002b2   0x080002b2   0x00000000   Code   RO         2479    .ARM.Collect$$libshutdown$$00000011  c_w.l(libshutdown2.o)
    0x080002b2   0x080002b2   0x00000002   Code   RO         2480    .ARM.Collect$$libshutdown$$00000012  c_w.l(libshutdown2.o)
    0x080002b4   0x080002b4   0x00000000   Code   RO         2170    .ARM.Collect$$rtentry$$00000000  c_w.l(__rtentry.o)
    0x080002b4   0x080002b4   0x00000000   Code   RO         2261    .ARM.Collect$$rtentry$$00000002  c_w.l(__rtentry2.o)
    0x080002b4   0x080002b4   0x00000006   Code   RO         2273    .ARM.Collect$$rtentry$$00000004  c_w.l(__rtentry4.o)
    0x080002ba   0x080002ba   0x00000000   Code   RO         2263    .ARM.Collect$$rtentry$$00000009  c_w.l(__rtentry2.o)
    0x080002ba   0x080002ba   0x00000004   Code   RO         2264    .ARM.Collect$$rtentry$$0000000A  c_w.l(__rtentry2.o)
    0x080002be   0x080002be   0x00000000   Code   RO         2266    .ARM.Collect$$rtentry$$0000000C  c_w.l(__rtentry2.o)
    0x080002be   0x080002be   0x00000008   Code   RO         2267    .ARM.Collect$$rtentry$$0000000D  c_w.l(__rtentry2.o)
    0x080002c6   0x080002c6   0x00000002   Code   RO         2350    .ARM.Collect$$rtexit$$00000000  c_w.l(rtexit.o)
    0x080002c8   0x080002c8   0x00000000   Code   RO         2411    .ARM.Collect$$rtexit$$00000002  c_w.l(rtexit2.o)
    0x080002c8   0x080002c8   0x00000004   Code   RO         2412    .ARM.Collect$$rtexit$$00000003  c_w.l(rtexit2.o)
    0x080002cc   0x080002cc   0x00000006   Code   RO         2413    .ARM.Collect$$rtexit$$00000004  c_w.l(rtexit2.o)
    0x080002d2   0x080002d2   0x00000002   PAD
    0x080002d4   0x080002d4   0x00000040   Code   RO            4    .text               startup_stm32f407xx.o
    0x08000314   0x08000314   0x000000ee   Code   RO         2118    .text               c_w.l(lludivv7m.o)
    0x08000402   0x08000402   0x00000002   PAD
    0x08000404   0x08000404   0x00000034   Code   RO         2120    .text               c_w.l(vsnprintf.o)
    0x08000438   0x08000438   0x00000052   Code   RO         2128    .text               c_w.l(_printf_str.o)
    0x0800048a   0x0800048a   0x00000002   PAD
    0x0800048c   0x0800048c   0x00000188   Code   RO         2147    .text               c_w.l(__printf_flags_ss_wp.o)
    0x08000614   0x08000614   0x0000004e   Code   RO         2152    .text               c_w.l(rt_memclr_w.o)
    0x08000662   0x08000662   0x00000006   Code   RO         2154    .text               c_w.l(heapauxi.o)
    0x08000668   0x08000668   0x0000004e   Code   RO         2175    .text               c_w.l(_printf_pad.o)
    0x080006b6   0x080006b6   0x00000024   Code   RO         2177    .text               c_w.l(_printf_truncate.o)
    0x080006da   0x080006da   0x00000002   PAD
    0x080006dc   0x080006dc   0x00000078   Code   RO         2179    .text               c_w.l(_printf_dec.o)
    0x08000754   0x08000754   0x00000028   Code   RO         2181    .text               c_w.l(_printf_charcount.o)
    0x0800077c   0x0800077c   0x00000030   Code   RO         2183    .text               c_w.l(_printf_char_common.o)
    0x080007ac   0x080007ac   0x0000000a   Code   RO         2185    .text               c_w.l(_sputc.o)
    0x080007b6   0x080007b6   0x00000010   Code   RO         2187    .text               c_w.l(_snputc.o)
    0x080007c6   0x080007c6   0x0000002c   Code   RO         2189    .text               c_w.l(_printf_char.o)
    0x080007f2   0x080007f2   0x00000002   PAD
    0x080007f4   0x080007f4   0x000000bc   Code   RO         2191    .text               c_w.l(_printf_wctomb.o)
    0x080008b0   0x080008b0   0x0000007c   Code   RO         2194    .text               c_w.l(_printf_longlong_dec.o)
    0x0800092c   0x0800092c   0x00000070   Code   RO         2200    .text               c_w.l(_printf_oct_int_ll.o)
    0x0800099c   0x0800099c   0x00000094   Code   RO         2220    .text               c_w.l(_printf_hex_int_ll_ptr.o)
    0x08000a30   0x08000a30   0x0000008a   Code   RO         2277    .text               c_w.l(lludiv10.o)
    0x08000aba   0x08000aba   0x000000b2   Code   RO         2279    .text               c_w.l(_printf_intcommon.o)
    0x08000b6c   0x08000b6c   0x0000041e   Code   RO         2281    .text               c_w.l(_printf_fp_dec.o)
    0x08000f8a   0x08000f8a   0x00000002   PAD
    0x08000f8c   0x08000f8c   0x000002fc   Code   RO         2283    .text               c_w.l(_printf_fp_hex.o)
    0x08001288   0x08001288   0x0000002c   Code   RO         2288    .text               c_w.l(_printf_wchar.o)
    0x080012b4   0x080012b4   0x00000040   Code   RO         2290    .text               c_w.l(_wcrtomb.o)
    0x080012f4   0x080012f4   0x0000004a   Code   RO         2292    .text               c_w.l(sys_stackheap_outer.o)
    0x0800133e   0x0800133e   0x00000002   PAD
    0x08001340   0x08001340   0x00000010   Code   RO         2294    .text               c_w.l(rt_ctype_table.o)
    0x08001350   0x08001350   0x00000008   Code   RO         2299    .text               c_w.l(rt_locale_intlibspace.o)
    0x08001358   0x08001358   0x00000080   Code   RO         2301    .text               c_w.l(_printf_fp_infnan.o)
    0x080013d8   0x080013d8   0x000000e4   Code   RO         2303    .text               c_w.l(bigflt0.o)
    0x080014bc   0x080014bc   0x00000012   Code   RO         2331    .text               c_w.l(exit.o)
    0x080014ce   0x080014ce   0x00000002   PAD
    0x080014d0   0x080014d0   0x00000008   Code   RO         2347    .text               c_w.l(libspace.o)
    0x080014d8   0x080014d8   0x00000080   Code   RO         2361    .text               c_w.l(strcmpv7m.o)
    0x08001558   0x08001558   0x0000000c   Code   RO         2408    .text               c_w.l(sys_exit.o)
    0x08001564   0x08001564   0x00000002   Code   RO         2427    .text               c_w.l(use_no_semi.o)
    0x08001566   0x08001566   0x00000000   Code   RO         2429    .text               c_w.l(indicate_semi.o)
    0x08001566   0x08001566   0x0000003e   Code   RO         2306    CL$$btod_d2e        c_w.l(btod.o)
    0x080015a4   0x080015a4   0x00000046   Code   RO         2308    CL$$btod_d2e_denorm_low  c_w.l(btod.o)
    0x080015ea   0x080015ea   0x00000060   Code   RO         2307    CL$$btod_d2e_norm_op1  c_w.l(btod.o)
    0x0800164a   0x0800164a   0x00000338   Code   RO         2316    CL$$btod_div_common  c_w.l(btod.o)
    0x08001982   0x08001982   0x000000dc   Code   RO         2313    CL$$btod_e2e        c_w.l(btod.o)
    0x08001a5e   0x08001a5e   0x0000002a   Code   RO         2310    CL$$btod_ediv       c_w.l(btod.o)
    0x08001a88   0x08001a88   0x0000002a   Code   RO         2309    CL$$btod_emul       c_w.l(btod.o)
    0x08001ab2   0x08001ab2   0x00000244   Code   RO         2315    CL$$btod_mult_common  c_w.l(btod.o)
    0x08001cf6   0x08001cf6   0x00000002   PAD
    0x08001cf8   0x08001cf8   0x00000044   Code   RO         1945    i.AD7606_Init       bsp_ad7606.o
    0x08001d3c   0x08001d3c   0x00000040   Code   RO         1946    i.AD7606_RESET      bsp_ad7606.o
    0x08001d7c   0x08001d7c   0x0000007c   Code   RO         1947    i.AD7606_SETOS      bsp_ad7606.o
    0x08001df8   0x08001df8   0x00000040   Code   RO         1948    i.AD7606_STARTCONV  bsp_ad7606.o
    0x08001e38   0x08001e38   0x000000c0   Code   RO         1949    i.AD7606_Sample_Task  bsp_ad7606.o
    0x08001ef8   0x08001ef8   0x00000002   Code   RO          282    i.BusFault_Handler  stm32f4xx_it.o
    0x08001efa   0x08001efa   0x00000002   PAD
    0x08001efc   0x08001efc   0x0000000c   Code   RO          283    i.DMA2_Stream2_IRQHandler  stm32f4xx_it.o
    0x08001f08   0x08001f08   0x00000028   Code   RO          853    i.DMA_CalcBaseAndBitshift  stm32f4xx_hal_dma.o
    0x08001f30   0x08001f30   0x00000054   Code   RO          854    i.DMA_CheckFifoParam  stm32f4xx_hal_dma.o
    0x08001f84   0x08001f84   0x00000002   Code   RO          284    i.DebugMon_Handler  stm32f4xx_it.o
    0x08001f86   0x08001f86   0x00000002   PAD
    0x08001f88   0x08001f88   0x00000030   Code   RO         2064    i.Debug_printf      app_process.o
    0x08001fb8   0x08001fb8   0x0000000a   Code   RO         1950    i.Delay_u32         bsp_ad7606.o
    0x08001fc2   0x08001fc2   0x00000004   Code   RO           13    i.Error_Handler     main.o
    0x08001fc6   0x08001fc6   0x00000092   Code   RO          856    i.HAL_DMA_Abort     stm32f4xx_hal_dma.o
    0x08002058   0x08002058   0x00000024   Code   RO          857    i.HAL_DMA_Abort_IT  stm32f4xx_hal_dma.o
    0x0800207c   0x0800207c   0x000001a0   Code   RO          861    i.HAL_DMA_IRQHandler  stm32f4xx_hal_dma.o
    0x0800221c   0x0800221c   0x000000d4   Code   RO          862    i.HAL_DMA_Init      stm32f4xx_hal_dma.o
    0x080022f0   0x080022f0   0x00000024   Code   RO         1293    i.HAL_Delay         stm32f4xx_hal.o
    0x08002314   0x08002314   0x000001f0   Code   RO          749    i.HAL_GPIO_Init     stm32f4xx_hal_gpio.o
    0x08002504   0x08002504   0x0000000a   Code   RO          751    i.HAL_GPIO_ReadPin  stm32f4xx_hal_gpio.o
    0x0800250e   0x0800250e   0x0000000a   Code   RO          753    i.HAL_GPIO_WritePin  stm32f4xx_hal_gpio.o
    0x08002518   0x08002518   0x0000000c   Code   RO         1299    i.HAL_GetTick       stm32f4xx_hal.o
    0x08002524   0x08002524   0x00000010   Code   RO         1305    i.HAL_IncTick       stm32f4xx_hal.o
    0x08002534   0x08002534   0x00000034   Code   RO         1306    i.HAL_Init          stm32f4xx_hal.o
    0x08002568   0x08002568   0x00000040   Code   RO         1307    i.HAL_InitTick      stm32f4xx_hal.o
    0x080025a8   0x080025a8   0x00000030   Code   RO          370    i.HAL_MspInit       stm32f4xx_hal_msp.o
    0x080025d8   0x080025d8   0x0000001a   Code   RO         1141    i.HAL_NVIC_EnableIRQ  stm32f4xx_hal_cortex.o
    0x080025f2   0x080025f2   0x00000002   PAD
    0x080025f4   0x080025f4   0x00000040   Code   RO         1147    i.HAL_NVIC_SetPriority  stm32f4xx_hal_cortex.o
    0x08002634   0x08002634   0x00000024   Code   RO         1148    i.HAL_NVIC_SetPriorityGrouping  stm32f4xx_hal_cortex.o
    0x08002658   0x08002658   0x00000134   Code   RO          395    i.HAL_RCC_ClockConfig  stm32f4xx_hal_rcc.o
    0x0800278c   0x0800278c   0x00000020   Code   RO          402    i.HAL_RCC_GetPCLK1Freq  stm32f4xx_hal_rcc.o
    0x080027ac   0x080027ac   0x00000020   Code   RO          403    i.HAL_RCC_GetPCLK2Freq  stm32f4xx_hal_rcc.o
    0x080027cc   0x080027cc   0x00000064   Code   RO          404    i.HAL_RCC_GetSysClockFreq  stm32f4xx_hal_rcc.o
    0x08002830   0x08002830   0x0000036c   Code   RO          407    i.HAL_RCC_OscConfig  stm32f4xx_hal_rcc.o
    0x08002b9c   0x08002b9c   0x00000028   Code   RO         1152    i.HAL_SYSTICK_Config  stm32f4xx_hal_cortex.o
    0x08002bc4   0x08002bc4   0x00000002   Code   RO         1556    i.HAL_UARTEx_RxEventCallback  stm32f4xx_hal_uart.o
    0x08002bc6   0x08002bc6   0x00000002   Code   RO         1570    i.HAL_UART_ErrorCallback  stm32f4xx_hal_uart.o
    0x08002bc8   0x08002bc8   0x00000280   Code   RO         1573    i.HAL_UART_IRQHandler  stm32f4xx_hal_uart.o
    0x08002e48   0x08002e48   0x00000064   Code   RO         1574    i.HAL_UART_Init     stm32f4xx_hal_uart.o
    0x08002eac   0x08002eac   0x000000f4   Code   RO          235    i.HAL_UART_MspInit  usart.o
    0x08002fa0   0x08002fa0   0x00000002   Code   RO         1580    i.HAL_UART_RxCpltCallback  stm32f4xx_hal_uart.o
    0x08002fa2   0x08002fa2   0x000000a0   Code   RO         1582    i.HAL_UART_Transmit  stm32f4xx_hal_uart.o
    0x08003042   0x08003042   0x00000002   Code   RO         1585    i.HAL_UART_TxCpltCallback  stm32f4xx_hal_uart.o
    0x08003044   0x08003044   0x00000002   Code   RO          285    i.HardFault_Handler  stm32f4xx_it.o
    0x08003046   0x08003046   0x00000002   PAD
    0x08003048   0x08003048   0x0000002c   Code   RO          210    i.MX_DMA_Init       dma.o
    0x08003074   0x08003074   0x00000114   Code   RO          186    i.MX_GPIO_Init      gpio.o
    0x08003188   0x08003188   0x00000038   Code   RO          236    i.MX_USART1_UART_Init  usart.o
    0x080031c0   0x080031c0   0x00000038   Code   RO          237    i.MX_USART3_UART_Init  usart.o
    0x080031f8   0x080031f8   0x00000002   Code   RO          286    i.MemManage_Handler  stm32f4xx_it.o
    0x080031fa   0x080031fa   0x00000002   Code   RO          287    i.NMI_Handler       stm32f4xx_it.o
    0x080031fc   0x080031fc   0x00000002   Code   RO          288    i.PendSV_Handler    stm32f4xx_it.o
    0x080031fe   0x080031fe   0x00000002   Code   RO          289    i.SVC_Handler       stm32f4xx_it.o
    0x08003200   0x08003200   0x00000004   Code   RO          290    i.SysTick_Handler   stm32f4xx_it.o
    0x08003204   0x08003204   0x00000094   Code   RO           14    i.SystemClock_Config  main.o
    0x08003298   0x08003298   0x00000010   Code   RO         1908    i.SystemInit        system_stm32f4xx.o
    0x080032a8   0x080032a8   0x0000014c   Code   RO         2067    i.Task_Debug_Sample_value  app_process.o
    0x080033f4   0x080033f4   0x0000000e   Code   RO         1587    i.UART_DMAAbortOnError  stm32f4xx_hal_uart.o
    0x08003402   0x08003402   0x0000004e   Code   RO         1597    i.UART_EndRxTransfer  stm32f4xx_hal_uart.o
    0x08003450   0x08003450   0x000000c2   Code   RO         1599    i.UART_Receive_IT   stm32f4xx_hal_uart.o
    0x08003512   0x08003512   0x00000002   PAD
    0x08003514   0x08003514   0x0000010c   Code   RO         1600    i.UART_SetConfig    stm32f4xx_hal_uart.o
    0x08003620   0x08003620   0x00000072   Code   RO         1603    i.UART_WaitOnFlagUntilTimeout  stm32f4xx_hal_uart.o
    0x08003692   0x08003692   0x00000002   PAD
    0x08003694   0x08003694   0x0000000c   Code   RO          291    i.USART1_IRQHandler  stm32f4xx_it.o
    0x080036a0   0x080036a0   0x00000002   Code   RO          292    i.UsageFault_Handler  stm32f4xx_it.o
    0x080036a2   0x080036a2   0x00000030   Code   RO         2345    i.__ARM_fpclassify  m_wm.l(fpclassify.o)
    0x080036d2   0x080036d2   0x00000020   Code   RO         1154    i.__NVIC_SetPriority  stm32f4xx_hal_cortex.o
    0x080036f2   0x080036f2   0x0000000e   Code   RO         2140    i._is_digit         c_w.l(__printf_wp.o)
    0x08003700   0x08003700   0x000000a0   Code   RO           15    i.main              main.o
    0x080037a0   0x080037a0   0x0000002c   Code   RO         2329    locale$$code        c_w.l(lc_numeric_c.o)
    0x080037cc   0x080037cc   0x0000002c   Code   RO         2355    locale$$code        c_w.l(lc_ctype_c.o)
    0x080037f8   0x080037f8   0x0000000c   Code   RO         2247    x$fpl$dretinf       fz_wm.l(dretinf.o)
    0x08003804   0x08003804   0x00000056   Code   RO         2168    x$fpl$f2d           fz_wm.l(f2d.o)
    0x0800385a   0x0800385a   0x0000008c   Code   RO         2249    x$fpl$fnaninf       fz_wm.l(fnaninf.o)
    0x080038e6   0x080038e6   0x0000000a   Code   RO         2423    x$fpl$fpinit        fz_wm.l(fpinit.o)
    0x080038f0   0x080038f0   0x00000004   Code   RO         2251    x$fpl$printf1       fz_wm.l(printf1.o)
    0x080038f4   0x080038f4   0x00000004   Code   RO         2253    x$fpl$printf2       fz_wm.l(printf2.o)
    0x080038f8   0x080038f8   0x00000000   Code   RO         2259    x$fpl$usenofp       fz_wm.l(usenofp.o)
    0x080038f8   0x080038f8   0x00000008   Data   RO          868    .constdata          stm32f4xx_hal_dma.o
    0x08003900   0x08003900   0x00000010   Data   RO         1909    .constdata          system_stm32f4xx.o
    0x08003910   0x08003910   0x00000008   Data   RO         1910    .constdata          system_stm32f4xx.o
    0x08003918   0x08003918   0x00000011   Data   RO         2148    .constdata          c_w.l(__printf_flags_ss_wp.o)
    0x08003929   0x08003929   0x00000003   PAD
    0x0800392c   0x0800392c   0x00000008   Data   RO         2192    .constdata          c_w.l(_printf_wctomb.o)
    0x08003934   0x08003934   0x00000028   Data   RO         2221    .constdata          c_w.l(_printf_hex_int_ll_ptr.o)
    0x0800395c   0x0800395c   0x00000026   Data   RO         2284    .constdata          c_w.l(_printf_fp_hex.o)
    0x08003982   0x08003982   0x00000002   PAD
    0x08003984   0x08003984   0x00000094   Data   RO         2304    .constdata          c_w.l(bigflt0.o)
    0x08003a18   0x08003a18   0x00000020   Data   RO         2481    Region$$Table       anon$$obj.o
    0x08003a38   0x08003a38   0x0000001c   Data   RO         2328    locale$$data        c_w.l(lc_numeric_c.o)
    0x08003a54   0x08003a54   0x00000110   Data   RO         2354    locale$$data        c_w.l(lc_ctype_c.o)


    Execution Region RW_IRAM1 (Exec base: 0x20000000, Load base: 0x08003b64, Size: 0x00000820, Max: 0x0001c000, ABSOLUTE)

    Exec Addr    Load Addr    Size         Type   Attr      Idx    E Section Name        Object

    0x20000000   0x08003b64   0x0000000c   Data   RW         1313    .data               stm32f4xx_hal.o
    0x2000000c   0x08003b70   0x00000004   Data   RW         1911    .data               system_stm32f4xx.o
    0x20000010   0x08003b74   0x00000008   Data   RW         1951    .data               bsp_ad7606.o
    0x20000018        -       0x000000f0   Zero   RW          238    .bss                usart.o
    0x20000108        -       0x000000b2   Zero   RW         2068    .bss                app_process.o
    0x200001ba   0x08003b7c   0x00000002   PAD
    0x200001bc        -       0x00000060   Zero   RW         2348    .bss                c_w.l(libspace.o)
    0x2000021c   0x08003b7c   0x00000004   PAD
    0x20000220        -       0x00000200   Zero   RW            2    HEAP                startup_stm32f407xx.o
    0x20000420        -       0x00000400   Zero   RW            1    STACK               startup_stm32f407xx.o


    Execution Region RW_IRAM2 (Exec base: 0x2001c000, Load base: 0x08003b7c, Size: 0x00000000, Max: 0x00004000, ABSOLUTE)

    **** No section assigned to this execution region ****


==============================================================================

Image component sizes


      Code (inc. data)   RO Data    RW Data    ZI Data      Debug   Object Name

       380        176          0          0        178       2705   app_process.o
       522         50          0          8          0       4372   bsp_ad7606.o
        44          4          0          0          0        806   dma.o
       276         18          0          0          0       1087   gpio.o
       312        110          0          0          0     659944   main.o
        64         26        392          0       1536        860   startup_stm32f407xx.o
       180         28          0         12          0       9537   stm32f4xx_hal.o
       198         14          0          0          0      33935   stm32f4xx_hal_cortex.o
       934         16          8          0          0       5723   stm32f4xx_hal_dma.o
       516         46          0          0          0       2915   stm32f4xx_hal_gpio.o
        48          6          0          0          0        890   stm32f4xx_hal_msp.o
      1348         76          0          0          0       5356   stm32f4xx_hal_rcc.o
      1576         14          0          0          0      10756   stm32f4xx_hal_uart.o
        44         12          0          0          0       5288   stm32f4xx_it.o
        16          4         24          4          0       1175   system_stm32f4xx.o
       356         44          0          0        240       2582   usart.o

    ----------------------------------------------------------------------
      6826        644        456         24       1956     747931   Object Totals
         0          0         32          0          0          0   (incl. Generated)
        12          0          0          0          2          0   (incl. Padding)

    ----------------------------------------------------------------------

      Code (inc. data)   RO Data    RW Data    ZI Data      Debug   Library Member Name

         8          0          0          0          0         68   __main.o
       392          4         17          0          0         92   __printf_flags_ss_wp.o
        14          0          0          0          0         68   __printf_wp.o
         0          0          0          0          0          0   __rtentry.o
        12          0          0          0          0          0   __rtentry2.o
         6          0          0          0          0          0   __rtentry4.o
        52          8          0          0          0          0   __scatter.o
        26          0          0          0          0          0   __scatter_copy.o
        28          0          0          0          0          0   __scatter_zi.o
         6          0          0          0          0          0   _printf_a.o
         6          0          0          0          0          0   _printf_c.o
        44          0          0          0          0        108   _printf_char.o
        48          6          0          0          0         96   _printf_char_common.o
        40          0          0          0          0         68   _printf_charcount.o
         6          0          0          0          0          0   _printf_d.o
       120         16          0          0          0         92   _printf_dec.o
         6          0          0          0          0          0   _printf_e.o
         6          0          0          0          0          0   _printf_f.o
      1054          0          0          0          0        216   _printf_fp_dec.o
       764          8         38          0          0        100   _printf_fp_hex.o
       128         16          0          0          0         84   _printf_fp_infnan.o
         6          0          0          0          0          0   _printf_g.o
       148          4         40          0          0        160   _printf_hex_int_ll_ptr.o
         6          0          0          0          0          0   _printf_i.o
       178          0          0          0          0         88   _printf_intcommon.o
        10          0          0          0          0          0   _printf_l.o
         6          0          0          0          0          0   _printf_lc.o
        10          0          0          0          0          0   _printf_ll.o
         6          0          0          0          0          0   _printf_lld.o
         6          0          0          0          0          0   _printf_lli.o
         6          0          0          0          0          0   _printf_llo.o
         6          0          0          0          0          0   _printf_llu.o
         6          0          0          0          0          0   _printf_llx.o
       124         16          0          0          0         92   _printf_longlong_dec.o
         6          0          0          0          0          0   _printf_ls.o
         6          0          0          0          0          0   _printf_n.o
         6          0          0          0          0          0   _printf_o.o
       112         10          0          0          0        124   _printf_oct_int_ll.o
         6          0          0          0          0          0   _printf_p.o
        78          0          0          0          0        108   _printf_pad.o
         0          0          0          0          0          0   _printf_percent.o
         4          0          0          0          0          0   _printf_percent_end.o
         6          0          0          0          0          0   _printf_s.o
        82          0          0          0          0         80   _printf_str.o
        36          0          0          0          0         84   _printf_truncate.o
         6          0          0          0          0          0   _printf_u.o
        44          0          0          0          0        108   _printf_wchar.o
       188          6          8          0          0         92   _printf_wctomb.o
         6          0          0          0          0          0   _printf_x.o
        16          0          0          0          0         68   _snputc.o
        10          0          0          0          0         68   _sputc.o
        64          0          0          0          0         92   _wcrtomb.o
       228          4        148          0          0         96   bigflt0.o
      1936        128          0          0          0        672   btod.o
        18          0          0          0          0         80   exit.o
         6          0          0          0          0        152   heapauxi.o
         0          0          0          0          0          0   indicate_semi.o
        44         10        272          0          0         76   lc_ctype_c.o
        44         10         28          0          0         76   lc_numeric_c.o
         2          0          0          0          0          0   libinit.o
        34          0          0          0          0          0   libinit2.o
         2          0          0          0          0          0   libshutdown.o
         2          0          0          0          0          0   libshutdown2.o
         8          4          0          0         96         68   libspace.o
       138          0          0          0          0         80   lludiv10.o
       238          0          0          0          0        100   lludivv7m.o
        16          4          0          0          0         76   rt_ctype_table.o
         8          4          0          0          0         68   rt_locale_intlibspace.o
        78          0          0          0          0         80   rt_memclr_w.o
         2          0          0          0          0          0   rtexit.o
        10          0          0          0          0          0   rtexit2.o
       128          0          0          0          0         68   strcmpv7m.o
        12          4          0          0          0         68   sys_exit.o
        74          0          0          0          0         80   sys_stackheap_outer.o
         2          0          0          0          0         68   use_no_semi.o
        52          4          0          0          0         80   vsnprintf.o
        12          0          0          0          0        116   dretinf.o
        86          4          0          0          0        132   f2d.o
       140          4          0          0          0        132   fnaninf.o
        10          0          0          0          0        116   fpinit.o
         4          0          0          0          0        116   printf1.o
         4          0          0          0          0        116   printf2.o
         0          0          0          0          0          0   usenofp.o
        48          0          0          0          0        124   fpclassify.o

    ----------------------------------------------------------------------
      7366        274        556          0        100       4996   Library Totals
        20          0          5          0          4          0   (incl. Padding)

    ----------------------------------------------------------------------

      Code (inc. data)   RO Data    RW Data    ZI Data      Debug   Library Name

      7042        266        551          0         96       4144   c_w.l
       256          8          0          0          0        728   fz_wm.l
        48          0          0          0          0        124   m_wm.l

    ----------------------------------------------------------------------
      7366        274        556          0        100       4996   Library Totals

    ----------------------------------------------------------------------

==============================================================================


      Code (inc. data)   RO Data    RW Data    ZI Data      Debug   

     14192        918       1012         24       2056     744291   Grand Totals
     14192        918       1012         24       2056     744291   ELF Image Totals
     14192        918       1012         24          0          0   ROM Totals

==============================================================================

    Total RO  Size (Code + RO Data)                15204 (  14.85kB)
    Total RW  Size (RW Data + ZI Data)              2080 (   2.03kB)
    Total ROM Size (Code + RO Data + RW Data)      15228 (  14.87kB)

==============================================================================

